Archive member included to satisfy reference by file (symbol)

D:/utilities/msys2/mingw64/bin/../lib/gcc/x86_64-w64-mingw32/13.1.0/../../../../lib/libkernel32.a(libkernel32s01406.o)
                              D:/utilities/msys2/mingw64/bin/../lib/gcc/x86_64-w64-mingw32/13.1.0/../../../../lib/dllcrt2.o (__imp_Sleep)
D:/utilities/msys2/mingw64/bin/../lib/gcc/x86_64-w64-mingw32/13.1.0/../../../../lib/libkernel32.a(libkernel32h.o)
                              D:/utilities/msys2/mingw64/bin/../lib/gcc/x86_64-w64-mingw32/13.1.0/../../../../lib/libkernel32.a(libkernel32s01406.o) (_head_lib64_libkernel32_a)
D:/utilities/msys2/mingw64/bin/../lib/gcc/x86_64-w64-mingw32/13.1.0/../../../../lib/libkernel32.a(libkernel32t.o)
                              D:/utilities/msys2/mingw64/bin/../lib/gcc/x86_64-w64-mingw32/13.1.0/../../../../lib/libkernel32.a(libkernel32h.o) (__lib64_libkernel32_a_iname)
D:/utilities/msys2/mingw64/bin/../lib/gcc/x86_64-w64-mingw32/13.1.0/../../../../lib/libmingw32.a(lib64_libmingw32_a-gccmain.o)
                              D:/utilities/msys2/mingw64/bin/../lib/gcc/x86_64-w64-mingw32/13.1.0/../../../../lib/dllcrt2.o (__main)
D:/utilities/msys2/mingw64/bin/../lib/gcc/x86_64-w64-mingw32/13.1.0/../../../../lib/libmingw32.a(lib64_libmingw32_a-natstart.o)
                              D:/utilities/msys2/mingw64/bin/../lib/gcc/x86_64-w64-mingw32/13.1.0/../../../../lib/dllcrt2.o (__native_startup_lock)
D:/utilities/msys2/mingw64/bin/../lib/gcc/x86_64-w64-mingw32/13.1.0/../../../../lib/libmingw32.a(lib64_libmingw32_a-tlssup.o)
                              D:/utilities/msys2/mingw64/bin/../lib/gcc/x86_64-w64-mingw32/13.1.0/../../../../lib/dllcrt2.o (__dyn_tls_init_callback)
D:/utilities/msys2/mingw64/bin/../lib/gcc/x86_64-w64-mingw32/13.1.0/../../../../lib/libmingw32.a(lib64_libmingw32_a-cinitexe.o)
                              D:/utilities/msys2/mingw64/bin/../lib/gcc/x86_64-w64-mingw32/13.1.0/../../../../lib/dllcrt2.o (__xc_z)
D:/utilities/msys2/mingw64/bin/../lib/gcc/x86_64-w64-mingw32/13.1.0/../../../../lib/libmingw32.a(lib64_libmingw32_a-mingw_helpers.o)
                              D:/utilities/msys2/mingw64/bin/../lib/gcc/x86_64-w64-mingw32/13.1.0/../../../../lib/dllcrt2.o (__mingw_app_type)
D:/utilities/msys2/mingw64/bin/../lib/gcc/x86_64-w64-mingw32/13.1.0/../../../../lib/libmingw32.a(lib64_libmingw32_a-pseudo-reloc.o)
                              D:/utilities/msys2/mingw64/bin/../lib/gcc/x86_64-w64-mingw32/13.1.0/../../../../lib/dllcrt2.o (_pei386_runtime_relocator)
D:/utilities/msys2/mingw64/bin/../lib/gcc/x86_64-w64-mingw32/13.1.0/../../../../lib/libmingw32.a(lib64_libmingw32_a-tlsthrd.o)
                              D:/utilities/msys2/mingw64/bin/../lib/gcc/x86_64-w64-mingw32/13.1.0/../../../../lib/libmingw32.a(lib64_libmingw32_a-tlssup.o) (__mingw_TLScallback)
D:/utilities/msys2/mingw64/bin/../lib/gcc/x86_64-w64-mingw32/13.1.0/../../../../lib/libmingw32.a(lib64_libmingw32_a-tlsmcrt.o)
                              D:/utilities/msys2/mingw64/bin/../lib/gcc/x86_64-w64-mingw32/13.1.0/../../../../lib/libmingw32.a(lib64_libmingw32_a-tlssup.o) (_CRT_MT)
D:/utilities/msys2/mingw64/bin/../lib/gcc/x86_64-w64-mingw32/13.1.0/../../../../lib/libmingw32.a(lib64_libmingw32_a-pseudo-reloc-list.o)
                              D:/utilities/msys2/mingw64/bin/../lib/gcc/x86_64-w64-mingw32/13.1.0/../../../../lib/libmingw32.a(lib64_libmingw32_a-pseudo-reloc.o) (__RUNTIME_PSEUDO_RELOC_LIST__)
D:/utilities/msys2/mingw64/bin/../lib/gcc/x86_64-w64-mingw32/13.1.0/../../../../lib/libmingw32.a(lib64_libmingw32_a-pesect.o)
                              D:/utilities/msys2/mingw64/bin/../lib/gcc/x86_64-w64-mingw32/13.1.0/../../../../lib/libmingw32.a(lib64_libmingw32_a-pseudo-reloc.o) (__mingw_GetSectionForAddress)
D:/utilities/msys2/mingw64/bin/../lib/gcc/x86_64-w64-mingw32/13.1.0/../../../../lib/libmingw32.a(lib64_libmingw32_a-CRT_fp10.o)
                              D:/utilities/msys2/mingw64/bin/../lib/gcc/x86_64-w64-mingw32/13.1.0/../../../../lib/libmingw32.a(lib64_libmingw32_a-tlsthrd.o) (_fpreset)
D:/utilities/msys2/mingw64/bin/../lib/gcc/x86_64-w64-mingw32/13.1.0/libgcc.a(_chkstk_ms.o)
                              D:/utilities/msys2/mingw64/bin/../lib/gcc/x86_64-w64-mingw32/13.1.0/../../../../lib/libmingw32.a(lib64_libmingw32_a-pseudo-reloc.o) (___chkstk_ms)
D:/utilities/msys2/mingw64/bin/../lib/gcc/x86_64-w64-mingw32/13.1.0/libgcc.a(_ctors.o)
                              D:/utilities/msys2/mingw64/bin/../lib/gcc/x86_64-w64-mingw32/13.1.0/../../../../lib/libmingw32.a(lib64_libmingw32_a-gccmain.o) (__DTOR_LIST__)
D:/utilities/msys2/mingw64/bin/../lib/gcc/x86_64-w64-mingw32/13.1.0/../../../../lib/libmingwex.a(lib64_libmingwex_a-dllentry.o)
                              D:/utilities/msys2/mingw64/bin/../lib/gcc/x86_64-w64-mingw32/13.1.0/../../../../lib/dllcrt2.o (DllEntryPoint)
D:/utilities/msys2/mingw64/bin/../lib/gcc/x86_64-w64-mingw32/13.1.0/../../../../lib/libmingwex.a(lib64_libmingwex_a-dllmain.o)
[...]
Memory Configuration

Name             Origin             Length             Attributes
*default*        0x0000000000000000 0xffffffffffffffff

Linker script and memory map

                0x0000000323b60000                __image_base__ = 0x323b60000
                0x0000000000000000                __dll__ = 0x0
                0x0000000323b60000                __ImageBase = 0x323b60000
                0x0000000000001000                __section_alignment__ = 0x1000
                0x0000000000000200                __file_alignment__ = 0x200
                0x0000000000000004                __major_os_version__ = 0x4
                0x0000000000000000                __minor_os_version__ = 0x0
                0x0000000000000000                __major_image_version__ = 0x0
                0x0000000000000000                __minor_image_version__ = 0x0
                0x0000000000000005                __major_subsystem_version__ = 0x5
                0x0000000000000002                __minor_subsystem_version__ = 0x2
                0x0000000000000003                __subsystem__ = 0x3
                0x0000000000200000                __size_of_stack_reserve__ = 0x200000
                0x0000000000001000                __size_of_stack_commit__ = 0x1000
                0x0000000000100000                __size_of_heap_reserve__ = 0x100000
                0x0000000000001000                __size_of_heap_commit__ = 0x1000
                0x0000000000000000                __loader_flags__ = 0x0
                0x0000000000000160                __dll_characteristics__ = 0x160
LOAD D:/utilities/msys2/mingw64/bin/../lib/gcc/x86_64-w64-mingw32/13.1.0/../../../../lib/dllcrt2.o
LOAD D:/utilities/msys2/mingw64/bin/../lib/gcc/x86_64-w64-mingw32/13.1.0/crtbegin.o
LOAD CMakeFiles/D3DCompiler_47.dir/src/main.c.obj
LOAD D:/utilities/msys2/mingw64/bin/../lib/gcc/x86_64-w64-mingw32/13.1.0/../../../../lib/libkernel32.a
LOAD D:/utilities/msys2/mingw64/bin/../lib/gcc/x86_64-w64-mingw32/13.1.0/../../../../lib/libuser32.a
LOAD D:/utilities/msys2/mingw64/bin/../lib/gcc/x86_64-w64-mingw32/13.1.0/../../../../lib/libgdi32.a
LOAD D:/utilities/msys2/mingw64/bin/../lib/gcc/x86_64-w64-mingw32/13.1.0/../../../../lib/libwinspool.a
LOAD D:/utilities/msys2/mingw64/bin/../lib/gcc/x86_64-w64-mingw32/13.1.0/../../../../lib/libshell32.a
LOAD D:/utilities/msys2/mingw64/bin/../lib/gcc/x86_64-w64-mingw32/13.1.0/../../../../lib/libole32.a
LOAD D:/utilities/msys2/mingw64/bin/../lib/gcc/x86_64-w64-mingw32/13.1.0/../../../../lib/liboleaut32.a
LOAD D:/utilities/msys2/mingw64/bin/../lib/gcc/x86_64-w64-mingw32/13.1.0/../../../../lib/libuuid.a
LOAD D:/utilities/msys2/mingw64/bin/../lib/gcc/x86_64-w64-mingw32/13.1.0/../../../../lib/libcomdlg32.a
LOAD D:/utilities/msys2/mingw64/bin/../lib/gcc/x86_64-w64-mingw32/13.1.0/../../../../lib/libadvapi32.a
LOAD D:/utilities/msys2/mingw64/bin/../lib/gcc/x86_64-w64-mingw32/13.1.0/../../../../lib/libmingw32.a
LOAD D:/utilities/msys2/mingw64/bin/../lib/gcc/x86_64-w64-mingw32/13.1.0/../../../../lib/libgcc_s.a
LOAD D:/utilities/msys2/mingw64/bin/../lib/gcc/x86_64-w64-mingw32/13.1.0/libgcc.a
LOAD D:/utilities/msys2/mingw64/bin/../lib/gcc/x86_64-w64-mingw32/13.1.0/../../../../lib/libmoldname.a
LOAD D:/utilities/msys2/mingw64/bin/../lib/gcc/x86_64-w64-mingw32/13.1.0/../../../../lib/libmingwex.a
LOAD D:/utilities/msys2/mingw64/bin/../lib/gcc/x86_64-w64-mingw32/13.1.0/../../../../lib/libmsvcrt.a
LOAD D:/utilities/msys2/mingw64/bin/../lib/gcc/x86_64-w64-mingw32/13.1.0/../../../../lib/libkernel32.a
LOAD D:/utilities/msys2/mingw64/bin/../lib/gcc/x86_64-w64-mingw32/13.1.0/../../../../lib/libpthread.dll.a
LOAD D:/utilities/msys2/mingw64/bin/../lib/gcc/x86_64-w64-mingw32/13.1.0/../../../../lib/libadvapi32.a
LOAD D:/utilities/msys2/mingw64/bin/../lib/gcc/x86_64-w64-mingw32/13.1.0/../../../../lib/libshell32.a
LOAD D:/utilities/msys2/mingw64/bin/../lib/gcc/x86_64-w64-mingw32/13.1.0/../../../../lib/libuser32.a
LOAD D:/utilities/msys2/mingw64/bin/../lib/gcc/x86_64-w64-mingw32/13.1.0/../../../../lib/libkernel32.a
LOAD D:/utilities/msys2/mingw64/bin/../lib/gcc/x86_64-w64-mingw32/13.1.0/../../../../lib/libmingw32.a
LOAD D:/utilities/msys2/mingw64/bin/../lib/gcc/x86_64-w64-mingw32/13.1.0/../../../../lib/libgcc_s.a
LOAD D:/utilities/msys2/mingw64/bin/../lib/gcc/x86_64-w64-mingw32/13.1.0/libgcc.a
LOAD D:/utilities/msys2/mingw64/bin/../lib/gcc/x86_64-w64-mingw32/13.1.0/../../../../lib/libmoldname.a
LOAD D:/utilities/msys2/mingw64/bin/../lib/gcc/x86_64-w64-mingw32/13.1.0/../../../../lib/libmingwex.a
LOAD D:/utilities/msys2/mingw64/bin/../lib/gcc/x86_64-w64-mingw32/13.1.0/../../../../lib/libmsvcrt.a
LOAD D:/utilities/msys2/mingw64/bin/../lib/gcc/x86_64-w64-mingw32/13.1.0/../../../../lib/libkernel32.a
LOAD D:/utilities/msys2/mingw64/bin/../lib/gcc/x86_64-w64-mingw32/13.1.0/crtend.o
                0x00000000000008e0                . = SIZEOF_HEADERS
                0x0000000000001000                . = ALIGN (__section_alignment__)

.text           0x0000000323b61000     0x1600
 *(SORT_NONE(.init))
 *(.text)
 .text          0x0000000323b61000      0x360 D:/utilities/msys2/mingw64/bin/../lib/gcc/x86_64-w64-mingw32/13.1.0/../../../../lib/dllcrt2.o
                0x0000000323b61010                _CRT_INIT
                0x0000000323b61330                DllMainCRTStartup
                0x0000000323b61350                atexit
 .text          0x0000000323b61360       0x20 D:/utilities/msys2/mingw64/bin/../lib/gcc/x86_64-w64-mingw32/13.1.0/crtbegin.o
                0x0000000323b61360                __gcc_register_frame
                0x0000000323b61370                __gcc_deregister_frame
 .text          0x0000000323b61380       0xd0 CMakeFiles/D3DCompiler_47.dir/src/main.c.obj
                0x0000000323b61380                D3DReadFileToBlob_jmp
                0x0000000323b613ab                D3DDisassemble_jmp
                0x0000000323b613ef                D3DDisassembleRegion_jmp
 .text          0x0000000323b61450        0x8 D:/utilities/msys2/mingw64/bin/../lib/gcc/x86_64-w64-mingw32/13.1.0/../../../../lib/libkernel32.a(libkernel32s01406.o)
                0x0000000323b61450                Sleep
 *fill*         0x0000000323b61458        0x8 
 .text          0x0000000323b61460        0x0 D:/utilities/msys2/mingw64/bin/../lib/gcc/x86_64-w64-mingw32/13.1.0/../../../../lib/libkernel32.a(libkernel32h.o)
 .text          0x0000000323b61460        0x0 D:/utilities/msys2/mingw64/bin/../lib/gcc/x86_64-w64-mingw32/13.1.0/../../../../lib/libkernel32.a(libkernel32t.o)
 .text          0x0000000323b61460       0xd0 D:/utilities/msys2/mingw64/bin/../lib/gcc/x86_64-w64-mingw32/13.1.0/../../../../lib/libmingw32.a(lib64_libmingw32_a-gccmain.o)
                0x0000000323b61460                __do_global_dtors
                0x0000000323b614a0                __do_global_ctors
                0x0000000323b61510                __main
 .text          0x0000000323b61530        0x0 D:/utilities/msys2/mingw64/bin/../lib/gcc/x86_64-w64-mingw32/13.1.0/../../../../lib/libmingw32.a(lib64_libmingw32_a-natstart.o)
 .text          0x0000000323b61530       0xd0 D:/utilities/msys2/mingw64/bin/../lib/gcc/x86_64-w64-mingw32/13.1.0/../../../../lib/libmingw32.a(lib64_libmingw32_a-tlssup.o)
                0x0000000323b61560                __dyn_tls_init
                0x0000000323b615f0                __tlregdtor
 .text          0x0000000323b61600        0x0 D:/utilities/msys2/mingw64/bin/../lib/gcc/x86_64-w64-mingw32/13.1.0/../../../../lib/libmingw32.a(lib64_libmingw32_a-cinitexe.o)
 .text          0x0000000323b61600        0x0 D:/utilities/msys2/mingw64/bin/../lib/gcc/x86_64-w64-mingw32/13.1.0/../../../../lib/libmingw32.a(lib64_libmingw32_a-mingw_helpers.o)
 .text          0x0000000323b61600      0x540 D:/utilities/msys2/mingw64/bin/../lib/gcc/x86_64-w64-mingw32/13.1.0/../../../../lib/libmingw32.a(lib64_libmingw32_a-pseudo-reloc.o)
                0x0000000323b617e0                _pei386_runtime_relocator
 .text          0x0000000323b61b40      0x270 D:/utilities/msys2/mingw64/bin/../lib/gcc/x86_64-w64-mingw32/13.1.0/../../../../lib/libmingw32.a(lib64_libmingw32_a-tlsthrd.o)
                0x0000000323b61bb0                ___w64_mingwthr_add_key_dtor
                0x0000000323b61c20                ___w64_mingwthr_remove_key_dtor
                0x0000000323b61cb0                __mingw_TLScallback
 .text          0x0000000323b61db0        0x0 D:/utilities/msys2/mingw64/bin/../lib/gcc/x86_64-w64-mingw32/13.1.0/../../../../lib/libmingw32.a(lib64_libmingw32_a-tlsmcrt.o)
 .text          0x0000000323b61db0        0x0 D:/utilities/msys2/mingw64/bin/../lib/gcc/x86_64-w64-mingw32/13.1.0/../../../../lib/libmingw32.a(lib64_libmingw32_a-pseudo-reloc-list.o)
 .text          0x0000000323b61db0      0x400 D:/utilities/msys2/mingw64/bin/../lib/gcc/x86_64-w64-mingw32/13.1.0/../../../../lib/libmingw32.a(lib64_libmingw32_a-pesect.o)
                0x0000000323b61db0                _ValidateImageBase
                0x0000000323b61de0                _FindPESection
                0x0000000323b61e30                _FindPESectionByName
                0x0000000323b61ed0                __mingw_GetSectionForAddress
                0x0000000323b61f50                __mingw_GetSectionCount
                0x0000000323b61f90                _FindPESectionExec
                0x0000000323b62010                _GetPEImageBase
                0x0000000323b62050                _IsNonwritableInCurrentImage
                0x0000000323b620e0                __mingw_enum_import_library_names
 .text          0x0000000323b621b0       0x10 D:/utilities/msys2/mingw64/bin/../lib/gcc/x86_64-w64-mingw32/13.1.0/../../../../lib/libmingw32.a(lib64_libmingw32_a-CRT_fp10.o)
                0x0000000323b621b0                fpreset
                0x0000000323b621b0                _fpreset
 .text          0x0000000323b621c0       0x40 D:/utilities/msys2/mingw64/bin/../lib/gcc/x86_64-w64-mingw32/13.1.0/libgcc.a(_chkstk_ms.o)
                0x0000000323b621c0                ___chkstk_ms
 .text          0x0000000323b62200        0x0 D:/utilities/msys2/mingw64/bin/../lib/gcc/x86_64-w64-mingw32/13.1.0/libgcc.a(_ctors.o)
 .text          0x0000000323b62200       0x10 D:/utilities/msys2/mingw64/bin/../lib/gcc/x86_64-w64-mingw32/13.1.0/../../../../lib/libmingwex.a(lib64_libmingwex_a-dllentry.o)
                0x0000000323b62200                DllEntryPoint
 .text          0x0000000323b62210       0x10 D:/utilities/msys2/mingw64/bin/../lib/gcc/x86_64-w64-mingw32/13.1.0/../../../../lib/libmingwex.a(lib64_libmingwex_a-dllmain.o)
                0x0000000323b62210                DllMain
 .text          0x0000000323b62220       0x20 D:/utilities/msys2/mingw64/bin/../lib/gcc/x86_64-w64-mingw32/13.1.0/../../../../lib/libmsvcrt.a(lib64_libmsvcrt_common_a-acrt_iob_func.o)
                0x0000000323b62220                __acrt_iob_func
 .text          0x0000000323b62240      0x160 D:/utilities/msys2/mingw64/bin/../lib/gcc/x86_64-w64-mingw32/13.1.0/../../../../lib/libmsvcrt.a(lib64_libmsvcrt_common_a-onexit_table.o)
                0x0000000323b62240                _initialize_onexit_table
                0x0000000323b62260                _register_onexit_function
                0x0000000323b62330                _execute_onexit_table
 .text          0x0000000323b623a0        0x8 D:/utilities/msys2/mingw64/bin/../lib/gcc/x86_64-w64-mingw32/13.1.0/../../../../lib/libmsvcrt.a(libmsvcrt_defs00083.o)
                0x0000000323b623a0                __iob_func
 .text          0x0000000323b623a8        0x8 D:/utilities/msys2/mingw64/bin/../lib/gcc/x86_64-w64-mingw32/13.1.0/../../../../lib/libmsvcrt.a(libmsvcrt_defs00124.o)
                0x0000000323b623a8                _amsg_exit
 .text          0x0000000323b623b0        0x8 D:/utilities/msys2/mingw64/bin/../lib/gcc/x86_64-w64-mingw32/13.1.0/../../../../lib/libmsvcrt.a(libmsvcrt_defs00337.o)
                0x0000000323b623b0                _initterm
 .text          0x0000000323b623b8        0x8 D:/utilities/msys2/mingw64/bin/../lib/gcc/x86_64-w64-mingw32/13.1.0/../../../../lib/libmsvcrt.a(libmsvcrt_defs00446.o)
                0x0000000323b623b8                _lock
 .text          0x0000000323b623c0        0x8 D:/utilities/msys2/mingw64/bin/../lib/gcc/x86_64-w64-mingw32/13.1.0/../../../../lib/libmsvcrt.a(libmsvcrt_defs00837.o)
                0x0000000323b623c0                _unlock
 .text          0x0000000323b623c8        0x8 D:/utilities/msys2/mingw64/bin/../lib/gcc/x86_64-w64-mingw32/13.1.0/../../../../lib/libmsvcrt.a(libmsvcrt_defs01054.o)
                0x0000000323b623c8                abort
 .text          0x0000000323b623d0        0x8 D:/utilities/msys2/mingw64/bin/../lib/gcc/x86_64-w64-mingw32/13.1.0/../../../../lib/libmsvcrt.a(libmsvcrt_defs01071.o)
                0x0000000323b623d0                calloc
 .text          0x0000000323b623d8        0x8 D:/utilities/msys2/mingw64/bin/../lib/gcc/x86_64-w64-mingw32/13.1.0/../../../../lib/libmsvcrt.a(libmsvcrt_defs01112.o)
                0x0000000323b623d8                free
 .text          0x0000000323b623e0        0x8 D:/utilities/msys2/mingw64/bin/../lib/gcc/x86_64-w64-mingw32/13.1.0/../../../../lib/libmsvcrt.a(libmsvcrt_defs01125.o)
                0x0000000323b623e0                fwrite
 .text          0x0000000323b623e8        0x8 D:/utilities/msys2/mingw64/bin/../lib/gcc/x86_64-w64-mingw32/13.1.0/../../../../lib/libmsvcrt.a(libmsvcrt_defs01203.o)
                0x0000000323b623e8                realloc
 .text          0x0000000323b623f0        0x8 D:/utilities/msys2/mingw64/bin/../lib/gcc/x86_64-w64-mingw32/13.1.0/../../../../lib/libmsvcrt.a(libmsvcrt_defs01236.o)
                0x0000000323b623f0                strlen
 .text          0x0000000323b623f8        0x8 D:/utilities/msys2/mingw64/bin/../lib/gcc/x86_64-w64-mingw32/13.1.0/../../../../lib/libmsvcrt.a(libmsvcrt_defs01239.o)
                0x0000000323b623f8                strncmp
 .text          0x0000000323b62400        0x8 D:/utilities/msys2/mingw64/bin/../lib/gcc/x86_64-w64-mingw32/13.1.0/../../../../lib/libmsvcrt.a(libmsvcrt_defs01274.o)
                0x0000000323b62400                vfprintf
 *fill*         0x0000000323b62408        0x8 
 .text          0x0000000323b62410        0x0 D:/utilities/msys2/mingw64/bin/../lib/gcc/x86_64-w64-mingw32/13.1.0/../../../../lib/libmsvcrt.a(libmsvcrt_defh.o)
 .text          0x0000000323b62410        0x0 D:/utilities/msys2/mingw64/bin/../lib/gcc/x86_64-w64-mingw32/13.1.0/../../../../lib/libmsvcrt.a(libmsvcrt_deft.o)
 .text          0x0000000323b62410        0x8 D:/utilities/msys2/mingw64/bin/../lib/gcc/x86_64-w64-mingw32/13.1.0/../../../../lib/libkernel32.a(libkernel32s01490.o)
                0x0000000323b62410                VirtualQuery
 .text          0x0000000323b62418        0x8 D:/utilities/msys2/mingw64/bin/../lib/gcc/x86_64-w64-mingw32/13.1.0/../../../../lib/libkernel32.a(libkernel32s01488.o)
                0x0000000323b62418                VirtualProtect
 .text          0x0000000323b62420        0x8 D:/utilities/msys2/mingw64/bin/../lib/gcc/x86_64-w64-mingw32/13.1.0/../../../../lib/libkernel32.a(libkernel32s01441.o)
                0x0000000323b62420                TlsGetValue
 .text          0x0000000323b62428        0x8 D:/utilities/msys2/mingw64/bin/../lib/gcc/x86_64-w64-mingw32/13.1.0/../../../../lib/libkernel32.a(libkernel32s00981.o)
                0x0000000323b62428                LeaveCriticalSection
 .text          0x0000000323b62430        0x8 D:/utilities/msys2/mingw64/bin/../lib/gcc/x86_64-w64-mingw32/13.1.0/../../../../lib/libkernel32.a(libkernel32s00889.o)
                0x0000000323b62430                InitializeCriticalSection
 .text          0x0000000323b62438        0x8 D:/utilities/msys2/mingw64/bin/../lib/gcc/x86_64-w64-mingw32/13.1.0/../../../../lib/libkernel32.a(libkernel32s00627.o)
                0x0000000323b62438                GetLastError
 .text          0x0000000323b62440        0x8 D:/utilities/msys2/mingw64/bin/../lib/gcc/x86_64-w64-mingw32/13.1.0/../../../../lib/libkernel32.a(libkernel32s00316.o)
                0x0000000323b62440                EnterCriticalSection
 .text          0x0000000323b62448        0x8 D:/utilities/msys2/mingw64/bin/../lib/gcc/x86_64-w64-mingw32/13.1.0/../../../../lib/libkernel32.a(libkernel32s00280.o)
                0x0000000323b62448                DeleteCriticalSection
 .text          0x0000000323b62450        0x0 D:/utilities/msys2/mingw64/bin/../lib/gcc/x86_64-w64-mingw32/13.1.0/crtend.o
 *(SORT_BY_NAME(.text$*))
 *(.text.*)
 .text.startup  0x0000000323b62450       0x10 D:/utilities/msys2/mingw64/bin/../lib/gcc/x86_64-w64-mingw32/13.1.0/crtend.o
 *(.gnu.linkonce.t.*)
 *(.glue_7t)
 *(.glue_7)
                0x0000000323b62460                . = ALIGN (0x8)
                0x0000000323b62460                ___CTOR_LIST__ = .
                0x0000000323b62460                __CTOR_LIST__ = .
                0x0000000323b62460        0x4 LONG 0xffffffffffffffff
                0x0000000323b62464        0x4 LONG 0xffffffffffffffff
 *(.ctors)
 *(.ctor)
 *(SORT_BY_NAME(.ctors.*))
 .ctors.65535   0x0000000323b62468        0x8 D:/utilities/msys2/mingw64/bin/../lib/gcc/x86_64-w64-mingw32/13.1.0/crtend.o
                0x0000000323b62470        0x4 LONG 0x0
                0x0000000323b62474        0x4 LONG 0x0
                0x0000000323b62478                ___DTOR_LIST__ = .
                0x0000000323b62478                __DTOR_LIST__ = .
                0x0000000323b62478        0x4 LONG 0xffffffffffffffff
                0x0000000323b6247c        0x4 LONG 0xffffffffffffffff
 *(.dtors)
 *(.dtor)
 *(SORT_BY_NAME(.dtors.*))
                0x0000000323b62480        0x4 LONG 0x0
                0x0000000323b62484        0x4 LONG 0x0
 *(SORT_NONE(.fini))
 *(.gcc_exc)
                [!provide]                        PROVIDE (etext = .)
 *(.gcc_except_table)

.D3DReadFileToBlob
                0x0000000323b63000      0x200
 .D3DReadFileToBlob
                0x0000000323b63000       0x28 CMakeFiles/D3DCompiler_47.dir/src/main.c.obj
                0x0000000323b63000                D3DReadFileToBlob

.D3DWriteBlobToFile
                0x0000000323b64000      0x200
 .D3DWriteBlobToFile
                0x0000000323b64000       0x38 CMakeFiles/D3DCompiler_47.dir/src/main.c.obj
                0x0000000323b64000                D3DWriteBlobToFile

.D3DCompile     0x0000000323b65000      0x200
 .D3DCompile    0x0000000323b65000       0x78 CMakeFiles/D3DCompiler_47.dir/src/main.c.obj
                0x0000000323b65000                D3DCompile

.D3DCompile2    0x0000000323b66000      0x200
 .D3DCompile2   0x0000000323b66000       0x90 CMakeFiles/D3DCompiler_47.dir/src/main.c.obj
                0x0000000323b66000                D3DCompile2

.D3DCompileFromFile
                0x0000000323b67000      0x200
 .D3DCompileFromFile
                0x0000000323b67000       0x64 CMakeFiles/D3DCompiler_47.dir/src/main.c.obj
                0x0000000323b67000                D3DCompileFromFile

.D3DPreprocess  0x0000000323b68000      0x200
 .D3DPreprocess
                0x0000000323b68000       0x58 CMakeFiles/D3DCompiler_47.dir/src/main.c.obj
                0x0000000323b68000                D3DPreprocess

.D3DGetDebugInfo
                0x0000000323b69000      0x200
 .D3DGetDebugInfo
                0x0000000323b69000       0x38 CMakeFiles/D3DCompiler_47.dir/src/main.c.obj
                0x0000000323b69000                D3DGetDebugInfo

.D3DReflect     0x0000000323b6a000      0x200
 .D3DReflect    0x0000000323b6a000       0x44 CMakeFiles/D3DCompiler_47.dir/src/main.c.obj
                0x0000000323b6a000                D3DReflect

.D3DReflectLibrary
                0x0000000323b6b000      0x200
 .D3DReflectLibrary
                0x0000000323b6b000       0x44 CMakeFiles/D3DCompiler_47.dir/src/main.c.obj
                0x0000000323b6b000                D3DReflectLibrary

.D3DDisassemble
                0x0000000323b6c000      0x200
 .D3DDisassemble
                0x0000000323b6c000       0x40 CMakeFiles/D3DCompiler_47.dir/src/main.c.obj
                0x0000000323b6c000                D3DDisassemble

.D3DDisassembleRegion
                0x0000000323b6d000      0x200
 .D3DDisassembleRegion
                0x0000000323b6d000       0x5c CMakeFiles/D3DCompiler_47.dir/src/main.c.obj
                0x0000000323b6d000                D3DDisassembleRegion

.D3DCreateLinker
                0x0000000323b6e000      0x200
 .D3DCreateLinker
                0x0000000323b6e000       0x24 CMakeFiles/D3DCompiler_47.dir/src/main.c.obj
                0x0000000323b6e000                D3DCreateLinker

.D3DLoadModule  0x0000000323b6f000      0x200
 .D3DLoadModule
                0x0000000323b6f000       0x38 CMakeFiles/D3DCompiler_47.dir/src/main.c.obj
                0x0000000323b6f000                D3DLoadModule

.D3DCreateFunctionLinkingGraph
                0x0000000323b70000      0x200
 .D3DCreateFunctionLinkingGraph
                0x0000000323b70000       0x28 CMakeFiles/D3DCompiler_47.dir/src/main.c.obj
                0x0000000323b70000                D3DCreateFunctionLinkingGraph

.D3DGetTraceInstructionOffsets
                0x0000000323b71000      0x200
 .D3DGetTraceInstructionOffsets
                0x0000000323b71000       0x58 CMakeFiles/D3DCompiler_47.dir/src/main.c.obj
                0x0000000323b71000                D3DGetTraceInstructionOffsets

.D3DGetInputSignatureBlob
                0x0000000323b72000      0x200
 .D3DGetInputSignatureBlob
                0x0000000323b72000       0x38 CMakeFiles/D3DCompiler_47.dir/src/main.c.obj
                0x0000000323b72000                D3DGetInputSignatureBlob

.D3DGetOutputSignatureBlob
                0x0000000323b73000      0x200
 .D3DGetOutputSignatureBlob
                0x0000000323b73000       0x38 CMakeFiles/D3DCompiler_47.dir/src/main.c.obj
                0x0000000323b73000                D3DGetOutputSignatureBlob

.D3DGetInputAndOutputSignatureBlob
                0x0000000323b74000      0x200
 .D3DGetInputAndOutputSignatureBlob
                0x0000000323b74000       0x38 CMakeFiles/D3DCompiler_47.dir/src/main.c.obj
                0x0000000323b74000                D3DGetInputAndOutputSignatureBlob

.D3DStripShader
                0x0000000323b75000      0x200
 .D3DStripShader
                0x0000000323b75000       0x40 CMakeFiles/D3DCompiler_47.dir/src/main.c.obj
                0x0000000323b75000                D3DStripShader

.D3DGetBlobPart
                0x0000000323b76000      0x200
 .D3DGetBlobPart
                0x0000000323b76000       0x44 CMakeFiles/D3DCompiler_47.dir/src/main.c.obj
                0x0000000323b76000                D3DGetBlobPart

.D3DSetBlobPart
                0x0000000323b77000      0x200
 .D3DSetBlobPart
                0x0000000323b77000       0x58 CMakeFiles/D3DCompiler_47.dir/src/main.c.obj
                0x0000000323b77000                D3DSetBlobPart

.D3DCreateBlob  0x0000000323b78000      0x200
 .D3DCreateBlob
                0x0000000323b78000       0x2c CMakeFiles/D3DCompiler_47.dir/src/main.c.obj
                0x0000000323b78000                D3DCreateBlob

.D3DCompressShaders
                0x0000000323b79000      0x200
 .D3DCompressShaders
                0x0000000323b79000       0x40 CMakeFiles/D3DCompiler_47.dir/src/main.c.obj
                0x0000000323b79000                D3DCompressShaders

.D3DDecompressShaders
                0x0000000323b7a000      0x200
 .D3DDecompressShaders
                0x0000000323b7a000       0x60 CMakeFiles/D3DCompiler_47.dir/src/main.c.obj
                0x0000000323b7a000                D3DDecompressShaders

.D3DDisassemble10Effect
                0x0000000323b7b000      0x200
 .D3DDisassemble10Effect
                0x0000000323b7b000       0x34 CMakeFiles/D3DCompiler_47.dir/src/main.c.obj
                0x0000000323b7b000                D3DDisassemble10Effect

.D3DDisassemble11Trace
                0x0000000323b7c000      0x200
 .D3DDisassemble11Trace
                0x0000000323b7c000       0x54 CMakeFiles/D3DCompiler_47.dir/src/main.c.obj
                0x0000000323b7c000                D3DDisassemble11Trace

.D3DAssemble    0x0000000323b7d000      0x200
 .D3DAssemble   0x0000000323b7d000       0x5c CMakeFiles/D3DCompiler_47.dir/src/main.c.obj
                0x0000000323b7d000                D3DAssemble

.data           0x0000000323b7e000      0x200
                0x0000000323b7e000                __data_start__ = .
 *(.data)
 .data          0x0000000323b7e000       0x10 D:/utilities/msys2/mingw64/bin/../lib/gcc/x86_64-w64-mingw32/13.1.0/../../../../lib/dllcrt2.o
                0x0000000323b7e000                __mingw_module_is_dll
 .data          0x0000000323b7e010        0x0 D:/utilities/msys2/mingw64/bin/../lib/gcc/x86_64-w64-mingw32/13.1.0/crtbegin.o
 .data          0x0000000323b7e010        0x0 CMakeFiles/D3DCompiler_47.dir/src/main.c.obj
 .data          0x0000000323b7e010        0x0 D:/utilities/msys2/mingw64/bin/../lib/gcc/x86_64-w64-mingw32/13.1.0/../../../../lib/libkernel32.a(libkernel32s01406.o)
 .data          0x0000000323b7e010        0x0 D:/utilities/msys2/mingw64/bin/../lib/gcc/x86_64-w64-mingw32/13.1.0/../../../../lib/libkernel32.a(libkernel32h.o)
 .data          0x0000000323b7e010        0x0 D:/utilities/msys2/mingw64/bin/../lib/gcc/x86_64-w64-mingw32/13.1.0/../../../../lib/libkernel32.a(libkernel32t.o)
 .data          0x0000000323b7e010       0x10 D:/utilities/msys2/mingw64/bin/../lib/gcc/x86_64-w64-mingw32/13.1.0/../../../../lib/libmingw32.a(lib64_libmingw32_a-gccmain.o)
 .data          0x0000000323b7e020       0x10 D:/utilities/msys2/mingw64/bin/../lib/gcc/x86_64-w64-mingw32/13.1.0/../../../../lib/libmingw32.a(lib64_libmingw32_a-natstart.o)
                0x0000000323b7e020                __native_vcclrit_reason
                0x0000000323b7e024                __native_dllmain_reason
 .data          0x0000000323b7e030        0x0 D:/utilities/msys2/mingw64/bin/../lib/gcc/x86_64-w64-mingw32/13.1.0/../../../../lib/libmingw32.a(lib64_libmingw32_a-tlssup.o)
 .data          0x0000000323b7e030        0x0 D:/utilities/msys2/mingw64/bin/../lib/gcc/x86_64-w64-mingw32/13.1.0/../../../../lib/libmingw32.a(lib64_libmingw32_a-cinitexe.o)
 .data          0x0000000323b7e030        0x0 D:/utilities/msys2/mingw64/bin/../lib/gcc/x86_64-w64-mingw32/13.1.0/../../../../lib/libmingw32.a(lib64_libmingw32_a-mingw_helpers.o)
 .data          0x0000000323b7e030        0x0 D:/utilities/msys2/mingw64/bin/../lib/gcc/x86_64-w64-mingw32/13.1.0/../../../../lib/libmingw32.a(lib64_libmingw32_a-pseudo-reloc.o)
 .data          0x0000000323b7e030        0x0 D:/utilities/msys2/mingw64/bin/../lib/gcc/x86_64-w64-mingw32/13.1.0/../../../../lib/libmingw32.a(lib64_libmingw32_a-tlsthrd.o)
 .data          0x0000000323b7e030       0x10 D:/utilities/msys2/mingw64/bin/../lib/gcc/x86_64-w64-mingw32/13.1.0/../../../../lib/libmingw32.a(lib64_libmingw32_a-tlsmcrt.o)
                0x0000000323b7e030                _CRT_MT
 .data          0x0000000323b7e040        0x0 D:/utilities/msys2/mingw64/bin/../lib/gcc/x86_64-w64-mingw32/13.1.0/../../../../lib/libmingw32.a(lib64_libmingw32_a-pseudo-reloc-list.o)
 .data          0x0000000323b7e040        0x0 D:/utilities/msys2/mingw64/bin/../lib/gcc/x86_64-w64-mingw32/13.1.0/../../../../lib/libmingw32.a(lib64_libmingw32_a-pesect.o)
 .data          0x0000000323b7e040        0x0 D:/utilities/msys2/mingw64/bin/../lib/gcc/x86_64-w64-mingw32/13.1.0/../../../../lib/libmingw32.a(lib64_libmingw32_a-CRT_fp10.o)
 .data          0x0000000323b7e040        0x0 D:/utilities/msys2/mingw64/bin/../lib/gcc/x86_64-w64-mingw32/13.1.0/libgcc.a(_chkstk_ms.o)
 .data          0x0000000323b7e040        0x0 D:/utilities/msys2/mingw64/bin/../lib/gcc/x86_64-w64-mingw32/13.1.0/libgcc.a(_ctors.o)
 .data          0x0000000323b7e040        0x0 D:/utilities/msys2/mingw64/bin/../lib/gcc/x86_64-w64-mingw32/13.1.0/../../../../lib/libmingwex.a(lib64_libmingwex_a-dllentry.o)
 .data          0x0000000323b7e040        0x0 D:/utilities/msys2/mingw64/bin/../lib/gcc/x86_64-w64-mingw32/13.1.0/../../../../lib/libmingwex.a(lib64_libmingwex_a-dllmain.o)
 .data          0x0000000323b7e040       0x10 D:/utilities/msys2/mingw64/bin/../lib/gcc/x86_64-w64-mingw32/13.1.0/../../../../lib/libmsvcrt.a(lib64_libmsvcrt_common_a-acrt_iob_func.o)
                0x0000000323b7e040                __imp___acrt_iob_func
 .data          0x0000000323b7e050       0x20 D:/utilities/msys2/mingw64/bin/../lib/gcc/x86_64-w64-mingw32/13.1.0/../../../../lib/libmsvcrt.a(lib64_libmsvcrt_common_a-onexit_table.o)
                0x0000000323b7e050                __imp__execute_onexit_table
                0x0000000323b7e058                __imp__register_onexit_function
                0x0000000323b7e060                __imp__initialize_onexit_table
 .data          0x0000000323b7e070        0x0 D:/utilities/msys2/mingw64/bin/../lib/gcc/x86_64-w64-mingw32/13.1.0/../../../../lib/libmsvcrt.a(libmsvcrt_defs00083.o)
 .data          0x0000000323b7e070        0x0 D:/utilities/msys2/mingw64/bin/../lib/gcc/x86_64-w64-mingw32/13.1.0/../../../../lib/libmsvcrt.a(libmsvcrt_defs00124.o)
 .data          0x0000000323b7e070        0x0 D:/utilities/msys2/mingw64/bin/../lib/gcc/x86_64-w64-mingw32/13.1.0/../../../../lib/libmsvcrt.a(libmsvcrt_defs00337.o)
 .data          0x0000000323b7e070        0x0 D:/utilities/msys2/mingw64/bin/../lib/gcc/x86_64-w64-mingw32/13.1.0/../../../../lib/libmsvcrt.a(libmsvcrt_defs00446.o)
 .data          0x0000000323b7e070        0x0 D:/utilities/msys2/mingw64/bin/../lib/gcc/x86_64-w64-mingw32/13.1.0/../../../../lib/libmsvcrt.a(libmsvcrt_defs00837.o)
 .data          0x0000000323b7e070        0x0 D:/utilities/msys2/mingw64/bin/../lib/gcc/x86_64-w64-mingw32/13.1.0/../../../../lib/libmsvcrt.a(libmsvcrt_defs01054.o)
 .data          0x0000000323b7e070        0x0 D:/utilities/msys2/mingw64/bin/../lib/gcc/x86_64-w64-mingw32/13.1.0/../../../../lib/libmsvcrt.a(libmsvcrt_defs01071.o)
 .data          0x0000000323b7e070        0x0 D:/utilities/msys2/mingw64/bin/../lib/gcc/x86_64-w64-mingw32/13.1.0/../../../../lib/libmsvcrt.a(libmsvcrt_defs01112.o)
 .data          0x0000000323b7e070        0x0 D:/utilities/msys2/mingw64/bin/../lib/gcc/x86_64-w64-mingw32/13.1.0/../../../../lib/libmsvcrt.a(libmsvcrt_defs01125.o)
 .data          0x0000000323b7e070        0x0 D:/utilities/msys2/mingw64/bin/../lib/gcc/x86_64-w64-mingw32/13.1.0/../../../../lib/libmsvcrt.a(libmsvcrt_defs01203.o)
 .data          0x0000000323b7e070        0x0 D:/utilities/msys2/mingw64/bin/../lib/gcc/x86_64-w64-mingw32/13.1.0/../../../../lib/libmsvcrt.a(libmsvcrt_defs01236.o)
 .data          0x0000000323b7e070        0x0 D:/utilities/msys2/mingw64/bin/../lib/gcc/x86_64-w64-mingw32/13.1.0/../../../../lib/libmsvcrt.a(libmsvcrt_defs01239.o)
 .data          0x0000000323b7e070        0x0 D:/utilities/msys2/mingw64/bin/../lib/gcc/x86_64-w64-mingw32/13.1.0/../../../../lib/libmsvcrt.a(libmsvcrt_defs01274.o)
 .data          0x0000000323b7e070        0x0 D:/utilities/msys2/mingw64/bin/../lib/gcc/x86_64-w64-mingw32/13.1.0/../../../../lib/libmsvcrt.a(libmsvcrt_defh.o)
 .data          0x0000000323b7e070        0x0 D:/utilities/msys2/mingw64/bin/../lib/gcc/x86_64-w64-mingw32/13.1.0/../../../../lib/libmsvcrt.a(libmsvcrt_deft.o)
 .data          0x0000000323b7e070        0x0 D:/utilities/msys2/mingw64/bin/../lib/gcc/x86_64-w64-mingw32/13.1.0/../../../../lib/libkernel32.a(libkernel32s01490.o)
 .data          0x0000000323b7e070        0x0 D:/utilities/msys2/mingw64/bin/../lib/gcc/x86_64-w64-mingw32/13.1.0/../../../../lib/libkernel32.a(libkernel32s01488.o)
 .data          0x0000000323b7e070        0x0 D:/utilities/msys2/mingw64/bin/../lib/gcc/x86_64-w64-mingw32/13.1.0/../../../../lib/libkernel32.a(libkernel32s01441.o)
 .data          0x0000000323b7e070        0x0 D:/utilities/msys2/mingw64/bin/../lib/gcc/x86_64-w64-mingw32/13.1.0/../../../../lib/libkernel32.a(libkernel32s00981.o)
 .data          0x0000000323b7e070        0x0 D:/utilities/msys2/mingw64/bin/../lib/gcc/x86_64-w64-mingw32/13.1.0/../../../../lib/libkernel32.a(libkernel32s00889.o)
 .data          0x0000000323b7e070        0x0 D:/utilities/msys2/mingw64/bin/../lib/gcc/x86_64-w64-mingw32/13.1.0/../../../../lib/libkernel32.a(libkernel32s00627.o)
 .data          0x0000000323b7e070        0x0 D:/utilities/msys2/mingw64/bin/../lib/gcc/x86_64-w64-mingw32/13.1.0/../../../../lib/libkernel32.a(libkernel32s00316.o)
 .data          0x0000000323b7e070        0x0 D:/utilities/msys2/mingw64/bin/../lib/gcc/x86_64-w64-mingw32/13.1.0/../../../../lib/libkernel32.a(libkernel32s00280.o)
 .data          0x0000000323b7e070        0x0 D:/utilities/msys2/mingw64/bin/../lib/gcc/x86_64-w64-mingw32/13.1.0/crtend.o
 *(.data2)
 *(SORT_BY_NAME(.data$*))
 *(.jcr)
                0x0000000323b7e070                __data_end__ = .
 *(.data_cygwin_nocopy)

.rdata          0x0000000323b7f000      0x800
 *(.rdata)
 .rdata         0x0000000323b7f000       0x60 D:/utilities/msys2/mingw64/bin/../lib/gcc/x86_64-w64-mingw32/13.1.0/../../../../lib/libmingw32.a(lib64_libmingw32_a-tlssup.o)
                0x0000000323b7f000                __dyn_tls_init_callback
                0x0000000323b7f020                _tls_used
 .rdata         0x0000000323b7f060      0x160 D:/utilities/msys2/mingw64/bin/../lib/gcc/x86_64-w64-mingw32/13.1.0/../../../../lib/libmingw32.a(lib64_libmingw32_a-pseudo-reloc.o)
 *(SORT_BY_NAME(.rdata$*))
 .rdata$.refptr._CRT_MT
                0x0000000323b7f1c0       0x10 D:/utilities/msys2/mingw64/bin/../lib/gcc/x86_64-w64-mingw32/13.1.0/../../../../lib/libmingw32.a(lib64_libmingw32_a-tlssup.o)
                0x0000000323b7f1c0                .refptr._CRT_MT
 .rdata$.refptr.__CTOR_LIST__
                0x0000000323b7f1d0       0x10 D:/utilities/msys2/mingw64/bin/../lib/gcc/x86_64-w64-mingw32/13.1.0/../../../../lib/libmingw32.a(lib64_libmingw32_a-gccmain.o)
                0x0000000323b7f1d0                .refptr.__CTOR_LIST__
 .rdata$.refptr.__ImageBase
                0x0000000323b7f1e0       0x10 D:/utilities/msys2/mingw64/bin/../lib/gcc/x86_64-w64-mingw32/13.1.0/../../../../lib/libmingw32.a(lib64_libmingw32_a-pseudo-reloc.o)
                0x0000000323b7f1e0                .refptr.__ImageBase
 .rdata$.refptr.__RUNTIME_PSEUDO_RELOC_LIST_END__
                0x0000000323b7f1f0       0x10 D:/utilities/msys2/mingw64/bin/../lib/gcc/x86_64-w64-mingw32/13.1.0/../../../../lib/libmingw32.a(lib64_libmingw32_a-pseudo-reloc.o)
                0x0000000323b7f1f0                .refptr.__RUNTIME_PSEUDO_RELOC_LIST_END__
 .rdata$.refptr.__RUNTIME_PSEUDO_RELOC_LIST__
                0x0000000323b7f200       0x10 D:/utilities/msys2/mingw64/bin/../lib/gcc/x86_64-w64-mingw32/13.1.0/../../../../lib/libmingw32.a(lib64_libmingw32_a-pseudo-reloc.o)
                0x0000000323b7f200                .refptr.__RUNTIME_PSEUDO_RELOC_LIST__
 .rdata$.refptr.__dyn_tls_init_callback
                0x0000000323b7f210       0x10 D:/utilities/msys2/mingw64/bin/../lib/gcc/x86_64-w64-mingw32/13.1.0/../../../../lib/dllcrt2.o
                0x0000000323b7f210                .refptr.__dyn_tls_init_callback
 .rdata$.refptr.__mingw_app_type
                0x0000000323b7f220       0x10 D:/utilities/msys2/mingw64/bin/../lib/gcc/x86_64-w64-mingw32/13.1.0/../../../../lib/dllcrt2.o
                0x0000000323b7f220                .refptr.__mingw_app_type
 .rdata$.refptr.__native_dllmain_reason
                0x0000000323b7f230       0x10 D:/utilities/msys2/mingw64/bin/../lib/gcc/x86_64-w64-mingw32/13.1.0/../../../../lib/dllcrt2.o
                0x0000000323b7f230                .refptr.__native_dllmain_reason
 .rdata$.refptr.__native_startup_lock
                0x0000000323b7f240       0x10 D:/utilities/msys2/mingw64/bin/../lib/gcc/x86_64-w64-mingw32/13.1.0/../../../../lib/dllcrt2.o
                0x0000000323b7f240                .refptr.__native_startup_lock
 .rdata$.refptr.__native_startup_state
                0x0000000323b7f250       0x10 D:/utilities/msys2/mingw64/bin/../lib/gcc/x86_64-w64-mingw32/13.1.0/../../../../lib/dllcrt2.o
                0x0000000323b7f250                .refptr.__native_startup_state
 .rdata$.refptr.__xc_a
                0x0000000323b7f260       0x10 D:/utilities/msys2/mingw64/bin/../lib/gcc/x86_64-w64-mingw32/13.1.0/../../../../lib/dllcrt2.o
                0x0000000323b7f260                .refptr.__xc_a
 .rdata$.refptr.__xc_z
                0x0000000323b7f270       0x10 D:/utilities/msys2/mingw64/bin/../lib/gcc/x86_64-w64-mingw32/13.1.0/../../../../lib/dllcrt2.o
                0x0000000323b7f270                .refptr.__xc_z
 .rdata$.refptr.__xi_a
                0x0000000323b7f280       0x10 D:/utilities/msys2/mingw64/bin/../lib/gcc/x86_64-w64-mingw32/13.1.0/../../../../lib/dllcrt2.o
                0x0000000323b7f280                .refptr.__xi_a
 .rdata$.refptr.__xi_z
                0x0000000323b7f290       0x10 D:/utilities/msys2/mingw64/bin/../lib/gcc/x86_64-w64-mingw32/13.1.0/../../../../lib/dllcrt2.o
                0x0000000323b7f290                .refptr.__xi_z
 .rdata$zzz     0x0000000323b7f2a0       0x30 D:/utilities/msys2/mingw64/bin/../lib/gcc/x86_64-w64-mingw32/13.1.0/../../../../lib/dllcrt2.o
 .rdata$zzz     0x0000000323b7f2d0       0x30 D:/utilities/msys2/mingw64/bin/../lib/gcc/x86_64-w64-mingw32/13.1.0/crtbegin.o
 .rdata$zzz     0x0000000323b7f300       0x30 CMakeFiles/D3DCompiler_47.dir/src/main.c.obj
 .rdata$zzz     0x0000000323b7f330       0x30 D:/utilities/msys2/mingw64/bin/../lib/gcc/x86_64-w64-mingw32/13.1.0/../../../../lib/libmingw32.a(lib64_libmingw32_a-gccmain.o)
 .rdata$zzz     0x0000000323b7f360       0x30 D:/utilities/msys2/mingw64/bin/../lib/gcc/x86_64-w64-mingw32/13.1.0/../../../../lib/libmingw32.a(lib64_libmingw32_a-natstart.o)
 .rdata$zzz     0x0000000323b7f390       0x30 D:/utilities/msys2/mingw64/bin/../lib/gcc/x86_64-w64-mingw32/13.1.0/../../../../lib/libmingw32.a(lib64_libmingw32_a-tlssup.o)
 .rdata$zzz     0x0000000323b7f3c0       0x30 D:/utilities/msys2/mingw64/bin/../lib/gcc/x86_64-w64-mingw32/13.1.0/../../../../lib/libmingw32.a(lib64_libmingw32_a-cinitexe.o)
 .rdata$zzz     0x0000000323b7f3f0       0x30 D:/utilities/msys2/mingw64/bin/../lib/gcc/x86_64-w64-mingw32/13.1.0/../../../../lib/libmingw32.a(lib64_libmingw32_a-mingw_helpers.o)
 .rdata$zzz     0x0000000323b7f420       0x30 D:/utilities/msys2/mingw64/bin/../lib/gcc/x86_64-w64-mingw32/13.1.0/../../../../lib/libmingw32.a(lib64_libmingw32_a-pseudo-reloc.o)
 .rdata$zzz     0x0000000323b7f450       0x30 D:/utilities/msys2/mingw64/bin/../lib/gcc/x86_64-w64-mingw32/13.1.0/../../../../lib/libmingw32.a(lib64_libmingw32_a-tlsthrd.o)
 .rdata$zzz     0x0000000323b7f480       0x30 D:/utilities/msys2/mingw64/bin/../lib/gcc/x86_64-w64-mingw32/13.1.0/../../../../lib/libmingw32.a(lib64_libmingw32_a-tlsmcrt.o)
 .rdata$zzz     0x0000000323b7f4b0       0x30 D:/utilities/msys2/mingw64/bin/../lib/gcc/x86_64-w64-mingw32/13.1.0/../../../../lib/libmingw32.a(lib64_libmingw32_a-pseudo-reloc-list.o)
 .rdata$zzz     0x0000000323b7f4e0       0x30 D:/utilities/msys2/mingw64/bin/../lib/gcc/x86_64-w64-mingw32/13.1.0/../../../../lib/libmingw32.a(lib64_libmingw32_a-pesect.o)
 .rdata$zzz     0x0000000323b7f510       0x30 D:/utilities/msys2/mingw64/bin/../lib/gcc/x86_64-w64-mingw32/13.1.0/../../../../lib/libmingw32.a(lib64_libmingw32_a-CRT_fp10.o)
 .rdata$zzz     0x0000000323b7f540       0x30 D:/utilities/msys2/mingw64/bin/../lib/gcc/x86_64-w64-mingw32/13.1.0/libgcc.a(_ctors.o)
 .rdata$zzz     0x0000000323b7f570       0x30 D:/utilities/msys2/mingw64/bin/../lib/gcc/x86_64-w64-mingw32/13.1.0/../../../../lib/libmingwex.a(lib64_libmingwex_a-dllentry.o)
 .rdata$zzz     0x0000000323b7f5a0       0x30 D:/utilities/msys2/mingw64/bin/../lib/gcc/x86_64-w64-mingw32/13.1.0/../../../../lib/libmingwex.a(lib64_libmingwex_a-dllmain.o)
 .rdata$zzz     0x0000000323b7f5d0       0x30 D:/utilities/msys2/mingw64/bin/../lib/gcc/x86_64-w64-mingw32/13.1.0/../../../../lib/libmsvcrt.a(lib64_libmsvcrt_common_a-acrt_iob_func.o)
 .rdata$zzz     0x0000000323b7f600       0x30 D:/utilities/msys2/mingw64/bin/../lib/gcc/x86_64-w64-mingw32/13.1.0/../../../../lib/libmsvcrt.a(lib64_libmsvcrt_common_a-onexit_table.o)
 .rdata$zzz     0x0000000323b7f630       0x30 D:/utilities/msys2/mingw64/bin/../lib/gcc/x86_64-w64-mingw32/13.1.0/crtend.o
                0x0000000323b7f660                . = ALIGN (0x4)
                0x0000000323b7f660                __rt_psrelocs_start = .
 *(.rdata_runtime_pseudo_reloc)
                0x0000000323b7f660                __rt_psrelocs_end = .
                0x0000000000000000                __rt_psrelocs_size = (__rt_psrelocs_end - __rt_psrelocs_start)
                0x0000000323b7f660                ___RUNTIME_PSEUDO_RELOC_LIST_END__ = .
                0x0000000323b7f660                __RUNTIME_PSEUDO_RELOC_LIST_END__ = .
                0x0000000323b7f660                ___RUNTIME_PSEUDO_RELOC_LIST__ = (. - __rt_psrelocs_size)
                0x0000000323b7f660                __RUNTIME_PSEUDO_RELOC_LIST__ = (. - __rt_psrelocs_size)

.eh_frame
 *(.eh_frame*)

.pdata          0x0000000323b80000      0x400
 *(.pdata*)
 .pdata         0x0000000323b80000       0x3c D:/utilities/msys2/mingw64/bin/../lib/gcc/x86_64-w64-mingw32/13.1.0/../../../../lib/dllcrt2.o
 .pdata         0x0000000323b8003c       0x18 D:/utilities/msys2/mingw64/bin/../lib/gcc/x86_64-w64-mingw32/13.1.0/crtbegin.o
 .pdata         0x0000000323b80054      0x168 CMakeFiles/D3DCompiler_47.dir/src/main.c.obj
 .pdata         0x0000000323b801bc       0x24 D:/utilities/msys2/mingw64/bin/../lib/gcc/x86_64-w64-mingw32/13.1.0/../../../../lib/libmingw32.a(lib64_libmingw32_a-gccmain.o)
 .pdata         0x0000000323b801e0       0x24 D:/utilities/msys2/mingw64/bin/../lib/gcc/x86_64-w64-mingw32/13.1.0/../../../../lib/libmingw32.a(lib64_libmingw32_a-tlssup.o)
 .pdata         0x0000000323b80204       0x24 D:/utilities/msys2/mingw64/bin/../lib/gcc/x86_64-w64-mingw32/13.1.0/../../../../lib/libmingw32.a(lib64_libmingw32_a-pseudo-reloc.o)
 .pdata         0x0000000323b80228       0x30 D:/utilities/msys2/mingw64/bin/../lib/gcc/x86_64-w64-mingw32/13.1.0/../../../../lib/libmingw32.a(lib64_libmingw32_a-tlsthrd.o)
 .pdata         0x0000000323b80258       0x6c D:/utilities/msys2/mingw64/bin/../lib/gcc/x86_64-w64-mingw32/13.1.0/../../../../lib/libmingw32.a(lib64_libmingw32_a-pesect.o)
 .pdata         0x0000000323b802c4        0xc D:/utilities/msys2/mingw64/bin/../lib/gcc/x86_64-w64-mingw32/13.1.0/../../../../lib/libmingw32.a(lib64_libmingw32_a-CRT_fp10.o)
 .pdata         0x0000000323b802d0        0xc D:/utilities/msys2/mingw64/bin/../lib/gcc/x86_64-w64-mingw32/13.1.0/../../../../lib/libmingwex.a(lib64_libmingwex_a-dllentry.o)
 .pdata         0x0000000323b802dc        0xc D:/utilities/msys2/mingw64/bin/../lib/gcc/x86_64-w64-mingw32/13.1.0/../../../../lib/libmingwex.a(lib64_libmingwex_a-dllmain.o)
 .pdata         0x0000000323b802e8        0xc D:/utilities/msys2/mingw64/bin/../lib/gcc/x86_64-w64-mingw32/13.1.0/../../../../lib/libmsvcrt.a(lib64_libmsvcrt_common_a-acrt_iob_func.o)
 .pdata         0x0000000323b802f4       0x24 D:/utilities/msys2/mingw64/bin/../lib/gcc/x86_64-w64-mingw32/13.1.0/../../../../lib/libmsvcrt.a(lib64_libmsvcrt_common_a-onexit_table.o)
 .pdata.startup
                0x0000000323b80318        0xc D:/utilities/msys2/mingw64/bin/../lib/gcc/x86_64-w64-mingw32/13.1.0/crtend.o

.xdata          0x0000000323b81000      0x400
 *(.xdata*)
 .xdata         0x0000000323b81000       0x30 D:/utilities/msys2/mingw64/bin/../lib/gcc/x86_64-w64-mingw32/13.1.0/../../../../lib/dllcrt2.o
 .xdata         0x0000000323b81030        0x8 D:/utilities/msys2/mingw64/bin/../lib/gcc/x86_64-w64-mingw32/13.1.0/crtbegin.o
 .xdata         0x0000000323b81038      0x168 CMakeFiles/D3DCompiler_47.dir/src/main.c.obj
 .xdata         0x0000000323b811a0       0x18 D:/utilities/msys2/mingw64/bin/../lib/gcc/x86_64-w64-mingw32/13.1.0/../../../../lib/libmingw32.a(lib64_libmingw32_a-gccmain.o)
 .xdata         0x0000000323b811b8       0x18 D:/utilities/msys2/mingw64/bin/../lib/gcc/x86_64-w64-mingw32/13.1.0/../../../../lib/libmingw32.a(lib64_libmingw32_a-tlssup.o)
 .xdata         0x0000000323b811d0       0x30 D:/utilities/msys2/mingw64/bin/../lib/gcc/x86_64-w64-mingw32/13.1.0/../../../../lib/libmingw32.a(lib64_libmingw32_a-pseudo-reloc.o)
 .xdata         0x0000000323b81200       0x30 D:/utilities/msys2/mingw64/bin/../lib/gcc/x86_64-w64-mingw32/13.1.0/../../../../lib/libmingw32.a(lib64_libmingw32_a-tlsthrd.o)
 .xdata         0x0000000323b81230       0x2c D:/utilities/msys2/mingw64/bin/../lib/gcc/x86_64-w64-mingw32/13.1.0/../../../../lib/libmingw32.a(lib64_libmingw32_a-pesect.o)
 .xdata         0x0000000323b8125c        0x4 D:/utilities/msys2/mingw64/bin/../lib/gcc/x86_64-w64-mingw32/13.1.0/../../../../lib/libmingw32.a(lib64_libmingw32_a-CRT_fp10.o)
 .xdata         0x0000000323b81260        0x4 D:/utilities/msys2/mingw64/bin/../lib/gcc/x86_64-w64-mingw32/13.1.0/../../../../lib/libmingwex.a(lib64_libmingwex_a-dllentry.o)
 .xdata         0x0000000323b81264        0x4 D:/utilities/msys2/mingw64/bin/../lib/gcc/x86_64-w64-mingw32/13.1.0/../../../../lib/libmingwex.a(lib64_libmingwex_a-dllmain.o)
 .xdata         0x0000000323b81268        0x8 D:/utilities/msys2/mingw64/bin/../lib/gcc/x86_64-w64-mingw32/13.1.0/../../../../lib/libmsvcrt.a(lib64_libmsvcrt_common_a-acrt_iob_func.o)
 .xdata         0x0000000323b81270       0x20 D:/utilities/msys2/mingw64/bin/../lib/gcc/x86_64-w64-mingw32/13.1.0/../../../../lib/libmsvcrt.a(lib64_libmsvcrt_common_a-onexit_table.o)
 .xdata.startup
                0x0000000323b81290        0x4 D:/utilities/msys2/mingw64/bin/../lib/gcc/x86_64-w64-mingw32/13.1.0/crtend.o

.bss            0x0000000323b82000      0x1f0
                0x0000000323b82000                __bss_start__ = .
 *(.bss)
 .bss           0x0000000323b82000       0x20 D:/utilities/msys2/mingw64/bin/../lib/gcc/x86_64-w64-mingw32/13.1.0/../../../../lib/dllcrt2.o
 .bss           0x0000000323b82020        0x0 D:/utilities/msys2/mingw64/bin/../lib/gcc/x86_64-w64-mingw32/13.1.0/crtbegin.o
 .bss           0x0000000323b82020       0xe0 CMakeFiles/D3DCompiler_47.dir/src/main.c.obj
                0x0000000323b82020                p_D3DReadFileToBlob
                0x0000000323b82028                p_D3DWriteBlobToFile
                0x0000000323b82030                p_D3DCompile
                0x0000000323b82038                p_D3DCompile2
                0x0000000323b82040                p_D3DCompileFromFile
                0x0000000323b82048                p_D3DPreprocess
                0x0000000323b82050                p_D3DGetDebugInfo
                0x0000000323b82058                p_D3DReflect
                0x0000000323b82060                p_D3DReflectLibrary
                0x0000000323b82068                p_D3DDisassemble
                0x0000000323b82070                p_D3DDisassembleRegion
                0x0000000323b82078                p_D3DCreateLinker
                0x0000000323b82080                p_D3DLoadModule
                0x0000000323b82088                p_D3DCreateFunctionLinkingGraph
                0x0000000323b82090                p_D3DGetTraceInstructionOffsets
                0x0000000323b82098                p_D3DGetInputSignatureBlob
                0x0000000323b820a0                p_D3DGetOutputSignatureBlob
                0x0000000323b820a8                p_D3DGetInputAndOutputSignatureBlob
                0x0000000323b820b0                p_D3DStripShader
                0x0000000323b820b8                p_D3DGetBlobPart
                0x0000000323b820c0                p_D3DSetBlobPart
                0x0000000323b820c8                p_D3DCreateBlob
                0x0000000323b820d0                p_D3DCompressShaders
                0x0000000323b820d8                p_D3DDecompressShaders
                0x0000000323b820e0                p_D3DDisassemble10Effect
                0x0000000323b820e8                p_D3DDisassemble11Trace
                0x0000000323b820f0                p_D3DAssemble
 .bss           0x0000000323b82100        0x0 D:/utilities/msys2/mingw64/bin/../lib/gcc/x86_64-w64-mingw32/13.1.0/../../../../lib/libkernel32.a(libkernel32s01406.o)
 .bss           0x0000000323b82100        0x0 D:/utilities/msys2/mingw64/bin/../lib/gcc/x86_64-w64-mingw32/13.1.0/../../../../lib/libkernel32.a(libkernel32h.o)
 .bss           0x0000000323b82100        0x0 D:/utilities/msys2/mingw64/bin/../lib/gcc/x86_64-w64-mingw32/13.1.0/../../../../lib/libkernel32.a(libkernel32t.o)
 .bss           0x0000000323b82100       0x10 D:/utilities/msys2/mingw64/bin/../lib/gcc/x86_64-w64-mingw32/13.1.0/../../../../lib/libmingw32.a(lib64_libmingw32_a-gccmain.o)
 .bss           0x0000000323b82110       0x10 D:/utilities/msys2/mingw64/bin/../lib/gcc/x86_64-w64-mingw32/13.1.0/../../../../lib/libmingw32.a(lib64_libmingw32_a-natstart.o)
                0x0000000323b82110                __native_startup_lock
                0x0000000323b82118                __native_startup_state
 .bss           0x0000000323b82120       0x10 D:/utilities/msys2/mingw64/bin/../lib/gcc/x86_64-w64-mingw32/13.1.0/../../../../lib/libmingw32.a(lib64_libmingw32_a-tlssup.o)
                0x0000000323b82120                __mingw_initltssuo_force
                0x0000000323b82124                __mingw_initltsdyn_force
                0x0000000323b82128                __mingw_initltsdrot_force
                0x0000000323b8212c                _tls_index
 .bss           0x0000000323b82130        0x0 D:/utilities/msys2/mingw64/bin/../lib/gcc/x86_64-w64-mingw32/13.1.0/../../../../lib/libmingw32.a(lib64_libmingw32_a-cinitexe.o)
 .bss           0x0000000323b82130       0x10 D:/utilities/msys2/mingw64/bin/../lib/gcc/x86_64-w64-mingw32/13.1.0/../../../../lib/libmingw32.a(lib64_libmingw32_a-mingw_helpers.o)
                0x0000000323b82130                __mingw_app_type
 .bss           0x0000000323b82140       0x10 D:/utilities/msys2/mingw64/bin/../lib/gcc/x86_64-w64-mingw32/13.1.0/../../../../lib/libmingw32.a(lib64_libmingw32_a-pseudo-reloc.o)
 *fill*         0x0000000323b82150       0x10 
 .bss           0x0000000323b82160       0x60 D:/utilities/msys2/mingw64/bin/../lib/gcc/x86_64-w64-mingw32/13.1.0/../../../../lib/libmingw32.a(lib64_libmingw32_a-tlsthrd.o)
 .bss           0x0000000323b821c0        0x0 D:/utilities/msys2/mingw64/bin/../lib/gcc/x86_64-w64-mingw32/13.1.0/../../../../lib/libmingw32.a(lib64_libmingw32_a-tlsmcrt.o)
 .bss           0x0000000323b821c0       0x10 D:/utilities/msys2/mingw64/bin/../lib/gcc/x86_64-w64-mingw32/13.1.0/../../../../lib/libmingw32.a(lib64_libmingw32_a-pseudo-reloc-list.o)
 .bss           0x0000000323b821d0        0x0 D:/utilities/msys2/mingw64/bin/../lib/gcc/x86_64-w64-mingw32/13.1.0/../../../../lib/libmingw32.a(lib64_libmingw32_a-pesect.o)
 .bss           0x0000000323b821d0        0x0 D:/utilities/msys2/mingw64/bin/../lib/gcc/x86_64-w64-mingw32/13.1.0/../../../../lib/libmingw32.a(lib64_libmingw32_a-CRT_fp10.o)
 .bss           0x0000000323b821d0        0x0 D:/utilities/msys2/mingw64/bin/../lib/gcc/x86_64-w64-mingw32/13.1.0/libgcc.a(_chkstk_ms.o)
 .bss           0x0000000323b821d0       0x20 D:/utilities/msys2/mingw64/bin/../lib/gcc/x86_64-w64-mingw32/13.1.0/libgcc.a(_ctors.o)
 .bss           0x0000000323b821f0        0x0 D:/utilities/msys2/mingw64/bin/../lib/gcc/x86_64-w64-mingw32/13.1.0/../../../../lib/libmingwex.a(lib64_libmingwex_a-dllentry.o)
 .bss           0x0000000323b821f0        0x0 D:/utilities/msys2/mingw64/bin/../lib/gcc/x86_64-w64-mingw32/13.1.0/../../../../lib/libmingwex.a(lib64_libmingwex_a-dllmain.o)
 .bss           0x0000000323b821f0        0x0 D:/utilities/msys2/mingw64/bin/../lib/gcc/x86_64-w64-mingw32/13.1.0/../../../../lib/libmsvcrt.a(lib64_libmsvcrt_common_a-acrt_iob_func.o)
 .bss           0x0000000323b821f0        0x0 D:/utilities/msys2/mingw64/bin/../lib/gcc/x86_64-w64-mingw32/13.1.0/../../../../lib/libmsvcrt.a(lib64_libmsvcrt_common_a-onexit_table.o)
 .bss           0x0000000323b821f0        0x0 D:/utilities/msys2/mingw64/bin/../lib/gcc/x86_64-w64-mingw32/13.1.0/../../../../lib/libmsvcrt.a(libmsvcrt_defs00083.o)
 .bss           0x0000000323b821f0        0x0 D:/utilities/msys2/mingw64/bin/../lib/gcc/x86_64-w64-mingw32/13.1.0/../../../../lib/libmsvcrt.a(libmsvcrt_defs00124.o)
 .bss           0x0000000323b821f0        0x0 D:/utilities/msys2/mingw64/bin/../lib/gcc/x86_64-w64-mingw32/13.1.0/../../../../lib/libmsvcrt.a(libmsvcrt_defs00337.o)
 .bss           0x0000000323b821f0        0x0 D:/utilities/msys2/mingw64/bin/../lib/gcc/x86_64-w64-mingw32/13.1.0/../../../../lib/libmsvcrt.a(libmsvcrt_defs00446.o)
 .bss           0x0000000323b821f0        0x0 D:/utilities/msys2/mingw64/bin/../lib/gcc/x86_64-w64-mingw32/13.1.0/../../../../lib/libmsvcrt.a(libmsvcrt_defs00837.o)
 .bss           0x0000000323b821f0        0x0 D:/utilities/msys2/mingw64/bin/../lib/gcc/x86_64-w64-mingw32/13.1.0/../../../../lib/libmsvcrt.a(libmsvcrt_defs01054.o)
 .bss           0x0000000323b821f0        0x0 D:/utilities/msys2/mingw64/bin/../lib/gcc/x86_64-w64-mingw32/13.1.0/../../../../lib/libmsvcrt.a(libmsvcrt_defs01071.o)
 .bss           0x0000000323b821f0        0x0 D:/utilities/msys2/mingw64/bin/../lib/gcc/x86_64-w64-mingw32/13.1.0/../../../../lib/libmsvcrt.a(libmsvcrt_defs01112.o)
 .bss           0x0000000323b821f0        0x0 D:/utilities/msys2/mingw64/bin/../lib/gcc/x86_64-w64-mingw32/13.1.0/../../../../lib/libmsvcrt.a(libmsvcrt_defs01125.o)
 .bss           0x0000000323b821f0        0x0 D:/utilities/msys2/mingw64/bin/../lib/gcc/x86_64-w64-mingw32/13.1.0/../../../../lib/libmsvcrt.a(libmsvcrt_defs01203.o)
 .bss           0x0000000323b821f0        0x0 D:/utilities/msys2/mingw64/bin/../lib/gcc/x86_64-w64-mingw32/13.1.0/../../../../lib/libmsvcrt.a(libmsvcrt_defs01236.o)
 .bss           0x0000000323b821f0        0x0 D:/utilities/msys2/mingw64/bin/../lib/gcc/x86_64-w64-mingw32/13.1.0/../../../../lib/libmsvcrt.a(libmsvcrt_defs01239.o)
 .bss           0x0000000323b821f0        0x0 D:/utilities/msys2/mingw64/bin/../lib/gcc/x86_64-w64-mingw32/13.1.0/../../../../lib/libmsvcrt.a(libmsvcrt_defs01274.o)
 .bss           0x0000000323b821f0        0x0 D:/utilities/msys2/mingw64/bin/../lib/gcc/x86_64-w64-mingw32/13.1.0/../../../../lib/libmsvcrt.a(libmsvcrt_defh.o)
 .bss           0x0000000323b821f0        0x0 D:/utilities/msys2/mingw64/bin/../lib/gcc/x86_64-w64-mingw32/13.1.0/../../../../lib/libmsvcrt.a(libmsvcrt_deft.o)
 .bss           0x0000000323b821f0        0x0 D:/utilities/msys2/mingw64/bin/../lib/gcc/x86_64-w64-mingw32/13.1.0/../../../../lib/libkernel32.a(libkernel32s01490.o)
 .bss           0x0000000323b821f0        0x0 D:/utilities/msys2/mingw64/bin/../lib/gcc/x86_64-w64-mingw32/13.1.0/../../../../lib/libkernel32.a(libkernel32s01488.o)
 .bss           0x0000000323b821f0        0x0 D:/utilities/msys2/mingw64/bin/../lib/gcc/x86_64-w64-mingw32/13.1.0/../../../../lib/libkernel32.a(libkernel32s01441.o)
 .bss           0x0000000323b821f0        0x0 D:/utilities/msys2/mingw64/bin/../lib/gcc/x86_64-w64-mingw32/13.1.0/../../../../lib/libkernel32.a(libkernel32s00981.o)
 .bss           0x0000000323b821f0        0x0 D:/utilities/msys2/mingw64/bin/../lib/gcc/x86_64-w64-mingw32/13.1.0/../../../../lib/libkernel32.a(libkernel32s00889.o)
 .bss           0x0000000323b821f0        0x0 D:/utilities/msys2/mingw64/bin/../lib/gcc/x86_64-w64-mingw32/13.1.0/../../../../lib/libkernel32.a(libkernel32s00627.o)
 .bss           0x0000000323b821f0        0x0 D:/utilities/msys2/mingw64/bin/../lib/gcc/x86_64-w64-mingw32/13.1.0/../../../../lib/libkernel32.a(libkernel32s00316.o)
 .bss           0x0000000323b821f0        0x0 D:/utilities/msys2/mingw64/bin/../lib/gcc/x86_64-w64-mingw32/13.1.0/../../../../lib/libkernel32.a(libkernel32s00280.o)
 .bss           0x0000000323b821f0        0x0 D:/utilities/msys2/mingw64/bin/../lib/gcc/x86_64-w64-mingw32/13.1.0/crtend.o
 *(COMMON)
                0x0000000323b821f0                __bss_end__ = .

.edata          0x0000000323b83000      0x400
 *(.edata)
 .edata         0x0000000323b83000      0x345 dll stuff

/DISCARD/
 *(.debug$S)
 *(.debug$T)
 *(.debug$F)
 *(.drectve)
 *(.note.GNU-stack)
 *(.gnu.lto_*)

.idata          0x0000000323b84000      0x400
 SORT_BY_NAME(*)(.idata$2)
 .idata$2       0x0000000323b84000       0x14 D:/utilities/msys2/mingw64/bin/../lib/gcc/x86_64-w64-mingw32/13.1.0/../../../../lib/libkernel32.a(libkernel32h.o)
                0x0000000323b84000                _head_lib64_libkernel32_a
 .idata$2       0x0000000323b84014       0x14 D:/utilities/msys2/mingw64/bin/../lib/gcc/x86_64-w64-mingw32/13.1.0/../../../../lib/libmsvcrt.a(libmsvcrt_defh.o)
                0x0000000323b84014                _head_lib64_libmsvcrt_def_a
 SORT_BY_NAME(*)(.idata$3)
                0x0000000323b84028        0x4 LONG 0x0
                0x0000000323b8402c        0x4 LONG 0x0
                0x0000000323b84030        0x4 LONG 0x0
                0x0000000323b84034        0x4 LONG 0x0
                0x0000000323b84038        0x4 LONG 0x0
                0x0000000323b84040                . = ALIGN (0x8)
 *fill*         0x0000000323b8403c        0x4 
 SORT_BY_NAME(*)(.idata$4)
 .idata$4       0x0000000323b84040        0x0 D:/utilities/msys2/mingw64/bin/../lib/gcc/x86_64-w64-mingw32/13.1.0/../../../../lib/libkernel32.a(libkernel32h.o)
 .idata$4       0x0000000323b84040        0x8 D:/utilities/msys2/mingw64/bin/../lib/gcc/x86_64-w64-mingw32/13.1.0/../../../../lib/libkernel32.a(libkernel32s00280.o)
 .idata$4       0x0000000323b84048        0x8 D:/utilities/msys2/mingw64/bin/../lib/gcc/x86_64-w64-mingw32/13.1.0/../../../../lib/libkernel32.a(libkernel32s00316.o)
 .idata$4       0x0000000323b84050        0x8 D:/utilities/msys2/mingw64/bin/../lib/gcc/x86_64-w64-mingw32/13.1.0/../../../../lib/libkernel32.a(libkernel32s00627.o)
 .idata$4       0x0000000323b84058        0x8 D:/utilities/msys2/mingw64/bin/../lib/gcc/x86_64-w64-mingw32/13.1.0/../../../../lib/libkernel32.a(libkernel32s00889.o)
 .idata$4       0x0000000323b84060        0x8 D:/utilities/msys2/mingw64/bin/../lib/gcc/x86_64-w64-mingw32/13.1.0/../../../../lib/libkernel32.a(libkernel32s00981.o)
 .idata$4       0x0000000323b84068        0x8 D:/utilities/msys2/mingw64/bin/../lib/gcc/x86_64-w64-mingw32/13.1.0/../../../../lib/libkernel32.a(libkernel32s01406.o)
 .idata$4       0x0000000323b84070        0x8 D:/utilities/msys2/mingw64/bin/../lib/gcc/x86_64-w64-mingw32/13.1.0/../../../../lib/libkernel32.a(libkernel32s01441.o)
 .idata$4       0x0000000323b84078        0x8 D:/utilities/msys2/mingw64/bin/../lib/gcc/x86_64-w64-mingw32/13.1.0/../../../../lib/libkernel32.a(libkernel32s01488.o)
 .idata$4       0x0000000323b84080        0x8 D:/utilities/msys2/mingw64/bin/../lib/gcc/x86_64-w64-mingw32/13.1.0/../../../../lib/libkernel32.a(libkernel32s01490.o)
 .idata$4       0x0000000323b84088        0x8 D:/utilities/msys2/mingw64/bin/../lib/gcc/x86_64-w64-mingw32/13.1.0/../../../../lib/libkernel32.a(libkernel32t.o)
 .idata$4       0x0000000323b84090        0x0 D:/utilities/msys2/mingw64/bin/../lib/gcc/x86_64-w64-mingw32/13.1.0/../../../../lib/libmsvcrt.a(libmsvcrt_defh.o)
 .idata$4       0x0000000323b84090        0x8 D:/utilities/msys2/mingw64/bin/../lib/gcc/x86_64-w64-mingw32/13.1.0/../../../../lib/libmsvcrt.a(libmsvcrt_defs00083.o)
 .idata$4       0x0000000323b84098        0x8 D:/utilities/msys2/mingw64/bin/../lib/gcc/x86_64-w64-mingw32/13.1.0/../../../../lib/libmsvcrt.a(libmsvcrt_defs00124.o)
 .idata$4       0x0000000323b840a0        0x8 D:/utilities/msys2/mingw64/bin/../lib/gcc/x86_64-w64-mingw32/13.1.0/../../../../lib/libmsvcrt.a(libmsvcrt_defs00337.o)
 .idata$4       0x0000000323b840a8        0x8 D:/utilities/msys2/mingw64/bin/../lib/gcc/x86_64-w64-mingw32/13.1.0/../../../../lib/libmsvcrt.a(libmsvcrt_defs00446.o)
 .idata$4       0x0000000323b840b0        0x8 D:/utilities/msys2/mingw64/bin/../lib/gcc/x86_64-w64-mingw32/13.1.0/../../../../lib/libmsvcrt.a(libmsvcrt_defs00837.o)
 .idata$4       0x0000000323b840b8        0x8 D:/utilities/msys2/mingw64/bin/../lib/gcc/x86_64-w64-mingw32/13.1.0/../../../../lib/libmsvcrt.a(libmsvcrt_defs01054.o)
 .idata$4       0x0000000323b840c0        0x8 D:/utilities/msys2/mingw64/bin/../lib/gcc/x86_64-w64-mingw32/13.1.0/../../../../lib/libmsvcrt.a(libmsvcrt_defs01071.o)
 .idata$4       0x0000000323b840c8        0x8 D:/utilities/msys2/mingw64/bin/../lib/gcc/x86_64-w64-mingw32/13.1.0/../../../../lib/libmsvcrt.a(libmsvcrt_defs01112.o)
 .idata$4       0x0000000323b840d0        0x8 D:/utilities/msys2/mingw64/bin/../lib/gcc/x86_64-w64-mingw32/13.1.0/../../../../lib/libmsvcrt.a(libmsvcrt_defs01125.o)
 .idata$4       0x0000000323b840d8        0x8 D:/utilities/msys2/mingw64/bin/../lib/gcc/x86_64-w64-mingw32/13.1.0/../../../../lib/libmsvcrt.a(libmsvcrt_defs01203.o)
 .idata$4       0x0000000323b840e0        0x8 D:/utilities/msys2/mingw64/bin/../lib/gcc/x86_64-w64-mingw32/13.1.0/../../../../lib/libmsvcrt.a(libmsvcrt_defs01236.o)
 .idata$4       0x0000000323b840e8        0x8 D:/utilities/msys2/mingw64/bin/../lib/gcc/x86_64-w64-mingw32/13.1.0/../../../../lib/libmsvcrt.a(libmsvcrt_defs01239.o)
 .idata$4       0x0000000323b840f0        0x8 D:/utilities/msys2/mingw64/bin/../lib/gcc/x86_64-w64-mingw32/13.1.0/../../../../lib/libmsvcrt.a(libmsvcrt_defs01274.o)
 .idata$4       0x0000000323b840f8        0x8 D:/utilities/msys2/mingw64/bin/../lib/gcc/x86_64-w64-mingw32/13.1.0/../../../../lib/libmsvcrt.a(libmsvcrt_deft.o)
                0x0000000323b84100                __IAT_start__ = .
 SORT_BY_NAME(*)(.idata$5)
 .idata$5       0x0000000323b84100        0x0 D:/utilities/msys2/mingw64/bin/../lib/gcc/x86_64-w64-mingw32/13.1.0/../../../../lib/libkernel32.a(libkernel32h.o)
 .idata$5       0x0000000323b84100        0x8 D:/utilities/msys2/mingw64/bin/../lib/gcc/x86_64-w64-mingw32/13.1.0/../../../../lib/libkernel32.a(libkernel32s00280.o)
                0x0000000323b84100                __imp_DeleteCriticalSection
 .idata$5       0x0000000323b84108        0x8 D:/utilities/msys2/mingw64/bin/../lib/gcc/x86_64-w64-mingw32/13.1.0/../../../../lib/libkernel32.a(libkernel32s00316.o)
                0x0000000323b84108                __imp_EnterCriticalSection
 .idata$5       0x0000000323b84110        0x8 D:/utilities/msys2/mingw64/bin/../lib/gcc/x86_64-w64-mingw32/13.1.0/../../../../lib/libkernel32.a(libkernel32s00627.o)
                0x0000000323b84110                __imp_GetLastError
 .idata$5       0x0000000323b84118        0x8 D:/utilities/msys2/mingw64/bin/../lib/gcc/x86_64-w64-mingw32/13.1.0/../../../../lib/libkernel32.a(libkernel32s00889.o)
                0x0000000323b84118                __imp_InitializeCriticalSection
 .idata$5       0x0000000323b84120        0x8 D:/utilities/msys2/mingw64/bin/../lib/gcc/x86_64-w64-mingw32/13.1.0/../../../../lib/libkernel32.a(libkernel32s00981.o)
                0x0000000323b84120                __imp_LeaveCriticalSection
 .idata$5       0x0000000323b84128        0x8 D:/utilities/msys2/mingw64/bin/../lib/gcc/x86_64-w64-mingw32/13.1.0/../../../../lib/libkernel32.a(libkernel32s01406.o)
                0x0000000323b84128                __imp_Sleep
 .idata$5       0x0000000323b84130        0x8 D:/utilities/msys2/mingw64/bin/../lib/gcc/x86_64-w64-mingw32/13.1.0/../../../../lib/libkernel32.a(libkernel32s01441.o)
                0x0000000323b84130                __imp_TlsGetValue
 .idata$5       0x0000000323b84138        0x8 D:/utilities/msys2/mingw64/bin/../lib/gcc/x86_64-w64-mingw32/13.1.0/../../../../lib/libkernel32.a(libkernel32s01488.o)
                0x0000000323b84138                __imp_VirtualProtect
 .idata$5       0x0000000323b84140        0x8 D:/utilities/msys2/mingw64/bin/../lib/gcc/x86_64-w64-mingw32/13.1.0/../../../../lib/libkernel32.a(libkernel32s01490.o)
                0x0000000323b84140                __imp_VirtualQuery
 .idata$5       0x0000000323b84148        0x8 D:/utilities/msys2/mingw64/bin/../lib/gcc/x86_64-w64-mingw32/13.1.0/../../../../lib/libkernel32.a(libkernel32t.o)
 .idata$5       0x0000000323b84150        0x0 D:/utilities/msys2/mingw64/bin/../lib/gcc/x86_64-w64-mingw32/13.1.0/../../../../lib/libmsvcrt.a(libmsvcrt_defh.o)
 .idata$5       0x0000000323b84150        0x8 D:/utilities/msys2/mingw64/bin/../lib/gcc/x86_64-w64-mingw32/13.1.0/../../../../lib/libmsvcrt.a(libmsvcrt_defs00083.o)
                0x0000000323b84150                __imp___iob_func
 .idata$5       0x0000000323b84158        0x8 D:/utilities/msys2/mingw64/bin/../lib/gcc/x86_64-w64-mingw32/13.1.0/../../../../lib/libmsvcrt.a(libmsvcrt_defs00124.o)
                0x0000000323b84158                __imp__amsg_exit
 .idata$5       0x0000000323b84160        0x8 D:/utilities/msys2/mingw64/bin/../lib/gcc/x86_64-w64-mingw32/13.1.0/../../../../lib/libmsvcrt.a(libmsvcrt_defs00337.o)
                0x0000000323b84160                __imp__initterm
 .idata$5       0x0000000323b84168        0x8 D:/utilities/msys2/mingw64/bin/../lib/gcc/x86_64-w64-mingw32/13.1.0/../../../../lib/libmsvcrt.a(libmsvcrt_defs00446.o)
                0x0000000323b84168                __imp__lock
 .idata$5       0x0000000323b84170        0x8 D:/utilities/msys2/mingw64/bin/../lib/gcc/x86_64-w64-mingw32/13.1.0/../../../../lib/libmsvcrt.a(libmsvcrt_defs00837.o)
                0x0000000323b84170                __imp__unlock
 .idata$5       0x0000000323b84178        0x8 D:/utilities/msys2/mingw64/bin/../lib/gcc/x86_64-w64-mingw32/13.1.0/../../../../lib/libmsvcrt.a(libmsvcrt_defs01054.o)
                0x0000000323b84178                __imp_abort
 .idata$5       0x0000000323b84180        0x8 D:/utilities/msys2/mingw64/bin/../lib/gcc/x86_64-w64-mingw32/13.1.0/../../../../lib/libmsvcrt.a(libmsvcrt_defs01071.o)
                0x0000000323b84180                __imp_calloc
 .idata$5       0x0000000323b84188        0x8 D:/utilities/msys2/mingw64/bin/../lib/gcc/x86_64-w64-mingw32/13.1.0/../../../../lib/libmsvcrt.a(libmsvcrt_defs01112.o)
                0x0000000323b84188                __imp_free
 .idata$5       0x0000000323b84190        0x8 D:/utilities/msys2/mingw64/bin/../lib/gcc/x86_64-w64-mingw32/13.1.0/../../../../lib/libmsvcrt.a(libmsvcrt_defs01125.o)
                0x0000000323b84190                __imp_fwrite
 .idata$5       0x0000000323b84198        0x8 D:/utilities/msys2/mingw64/bin/../lib/gcc/x86_64-w64-mingw32/13.1.0/../../../../lib/libmsvcrt.a(libmsvcrt_defs01203.o)
                0x0000000323b84198                __imp_realloc
 .idata$5       0x0000000323b841a0        0x8 D:/utilities/msys2/mingw64/bin/../lib/gcc/x86_64-w64-mingw32/13.1.0/../../../../lib/libmsvcrt.a(libmsvcrt_defs01236.o)
                0x0000000323b841a0                __imp_strlen
 .idata$5       0x0000000323b841a8        0x8 D:/utilities/msys2/mingw64/bin/../lib/gcc/x86_64-w64-mingw32/13.1.0/../../../../lib/libmsvcrt.a(libmsvcrt_defs01239.o)
                0x0000000323b841a8                __imp_strncmp
 .idata$5       0x0000000323b841b0        0x8 D:/utilities/msys2/mingw64/bin/../lib/gcc/x86_64-w64-mingw32/13.1.0/../../../../lib/libmsvcrt.a(libmsvcrt_defs01274.o)
                0x0000000323b841b0                __imp_vfprintf
 .idata$5       0x0000000323b841b8        0x8 D:/utilities/msys2/mingw64/bin/../lib/gcc/x86_64-w64-mingw32/13.1.0/../../../../lib/libmsvcrt.a(libmsvcrt_deft.o)
                0x0000000323b841c0                __IAT_end__ = .
 SORT_BY_NAME(*)(.idata$6)
 .idata$6       0x0000000323b841c0       0x18 D:/utilities/msys2/mingw64/bin/../lib/gcc/x86_64-w64-mingw32/13.1.0/../../../../lib/libkernel32.a(libkernel32s00280.o)
 .idata$6       0x0000000323b841d8       0x18 D:/utilities/msys2/mingw64/bin/../lib/gcc/x86_64-w64-mingw32/13.1.0/../../../../lib/libkernel32.a(libkernel32s00316.o)
 .idata$6       0x0000000323b841f0       0x10 D:/utilities/msys2/mingw64/bin/../lib/gcc/x86_64-w64-mingw32/13.1.0/../../../../lib/libkernel32.a(libkernel32s00627.o)
 .idata$6       0x0000000323b84200       0x1c D:/utilities/msys2/mingw64/bin/../lib/gcc/x86_64-w64-mingw32/13.1.0/../../../../lib/libkernel32.a(libkernel32s00889.o)
 .idata$6       0x0000000323b8421c       0x18 D:/utilities/msys2/mingw64/bin/../lib/gcc/x86_64-w64-mingw32/13.1.0/../../../../lib/libkernel32.a(libkernel32s00981.o)
 .idata$6       0x0000000323b84234        0x8 D:/utilities/msys2/mingw64/bin/../lib/gcc/x86_64-w64-mingw32/13.1.0/../../../../lib/libkernel32.a(libkernel32s01406.o)
 .idata$6       0x0000000323b8423c        0xe D:/utilities/msys2/mingw64/bin/../lib/gcc/x86_64-w64-mingw32/13.1.0/../../../../lib/libkernel32.a(libkernel32s01441.o)
 .idata$6       0x0000000323b8424a       0x12 D:/utilities/msys2/mingw64/bin/../lib/gcc/x86_64-w64-mingw32/13.1.0/../../../../lib/libkernel32.a(libkernel32s01488.o)
 .idata$6       0x0000000323b8425c       0x10 D:/utilities/msys2/mingw64/bin/../lib/gcc/x86_64-w64-mingw32/13.1.0/../../../../lib/libkernel32.a(libkernel32s01490.o)
 .idata$6       0x0000000323b8426c        0xe D:/utilities/msys2/mingw64/bin/../lib/gcc/x86_64-w64-mingw32/13.1.0/../../../../lib/libmsvcrt.a(libmsvcrt_defs00083.o)
 .idata$6       0x0000000323b8427a        0xe D:/utilities/msys2/mingw64/bin/../lib/gcc/x86_64-w64-mingw32/13.1.0/../../../../lib/libmsvcrt.a(libmsvcrt_defs00124.o)
 .idata$6       0x0000000323b84288        0xc D:/utilities/msys2/mingw64/bin/../lib/gcc/x86_64-w64-mingw32/13.1.0/../../../../lib/libmsvcrt.a(libmsvcrt_defs00337.o)
 .idata$6       0x0000000323b84294        0x8 D:/utilities/msys2/mingw64/bin/../lib/gcc/x86_64-w64-mingw32/13.1.0/../../../../lib/libmsvcrt.a(libmsvcrt_defs00446.o)
 .idata$6       0x0000000323b8429c        0xa D:/utilities/msys2/mingw64/bin/../lib/gcc/x86_64-w64-mingw32/13.1.0/../../../../lib/libmsvcrt.a(libmsvcrt_defs00837.o)
 .idata$6       0x0000000323b842a6        0x8 D:/utilities/msys2/mingw64/bin/../lib/gcc/x86_64-w64-mingw32/13.1.0/../../../../lib/libmsvcrt.a(libmsvcrt_defs01054.o)
 .idata$6       0x0000000323b842ae        0xa D:/utilities/msys2/mingw64/bin/../lib/gcc/x86_64-w64-mingw32/13.1.0/../../../../lib/libmsvcrt.a(libmsvcrt_defs01071.o)
 .idata$6       0x0000000323b842b8        0x8 D:/utilities/msys2/mingw64/bin/../lib/gcc/x86_64-w64-mingw32/13.1.0/../../../../lib/libmsvcrt.a(libmsvcrt_defs01112.o)
 .idata$6       0x0000000323b842c0        0xa D:/utilities/msys2/mingw64/bin/../lib/gcc/x86_64-w64-mingw32/13.1.0/../../../../lib/libmsvcrt.a(libmsvcrt_defs01125.o)
 .idata$6       0x0000000323b842ca        0xa D:/utilities/msys2/mingw64/bin/../lib/gcc/x86_64-w64-mingw32/13.1.0/../../../../lib/libmsvcrt.a(libmsvcrt_defs01203.o)
 .idata$6       0x0000000323b842d4        0xa D:/utilities/msys2/mingw64/bin/../lib/gcc/x86_64-w64-mingw32/13.1.0/../../../../lib/libmsvcrt.a(libmsvcrt_defs01236.o)
 .idata$6       0x0000000323b842de        0xa D:/utilities/msys2/mingw64/bin/../lib/gcc/x86_64-w64-mingw32/13.1.0/../../../../lib/libmsvcrt.a(libmsvcrt_defs01239.o)
 .idata$6       0x0000000323b842e8        0xc D:/utilities/msys2/mingw64/bin/../lib/gcc/x86_64-w64-mingw32/13.1.0/../../../../lib/libmsvcrt.a(libmsvcrt_defs01274.o)
 SORT_BY_NAME(*)(.idata$7)
 .idata$7       0x0000000323b842f4        0x4 D:/utilities/msys2/mingw64/bin/../lib/gcc/x86_64-w64-mingw32/13.1.0/../../../../lib/libkernel32.a(libkernel32s00280.o)
 .idata$7       0x0000000323b842f8        0x4 D:/utilities/msys2/mingw64/bin/../lib/gcc/x86_64-w64-mingw32/13.1.0/../../../../lib/libkernel32.a(libkernel32s00316.o)
 .idata$7       0x0000000323b842fc        0x4 D:/utilities/msys2/mingw64/bin/../lib/gcc/x86_64-w64-mingw32/13.1.0/../../../../lib/libkernel32.a(libkernel32s00627.o)
 .idata$7       0x0000000323b84300        0x4 D:/utilities/msys2/mingw64/bin/../lib/gcc/x86_64-w64-mingw32/13.1.0/../../../../lib/libkernel32.a(libkernel32s00889.o)
 .idata$7       0x0000000323b84304        0x4 D:/utilities/msys2/mingw64/bin/../lib/gcc/x86_64-w64-mingw32/13.1.0/../../../../lib/libkernel32.a(libkernel32s00981.o)
 .idata$7       0x0000000323b84308        0x4 D:/utilities/msys2/mingw64/bin/../lib/gcc/x86_64-w64-mingw32/13.1.0/../../../../lib/libkernel32.a(libkernel32s01406.o)
 .idata$7       0x0000000323b8430c        0x4 D:/utilities/msys2/mingw64/bin/../lib/gcc/x86_64-w64-mingw32/13.1.0/../../../../lib/libkernel32.a(libkernel32s01441.o)
 .idata$7       0x0000000323b84310        0x4 D:/utilities/msys2/mingw64/bin/../lib/gcc/x86_64-w64-mingw32/13.1.0/../../../../lib/libkernel32.a(libkernel32s01488.o)
 .idata$7       0x0000000323b84314        0x4 D:/utilities/msys2/mingw64/bin/../lib/gcc/x86_64-w64-mingw32/13.1.0/../../../../lib/libkernel32.a(libkernel32s01490.o)
 .idata$7       0x0000000323b84318       0x10 D:/utilities/msys2/mingw64/bin/../lib/gcc/x86_64-w64-mingw32/13.1.0/../../../../lib/libkernel32.a(libkernel32t.o)
                0x0000000323b84318                __lib64_libkernel32_a_iname
 .idata$7       0x0000000323b84328        0x4 D:/utilities/msys2/mingw64/bin/../lib/gcc/x86_64-w64-mingw32/13.1.0/../../../../lib/libmsvcrt.a(libmsvcrt_defs00083.o)
 .idata$7       0x0000000323b8432c        0x4 D:/utilities/msys2/mingw64/bin/../lib/gcc/x86_64-w64-mingw32/13.1.0/../../../../lib/libmsvcrt.a(libmsvcrt_defs00124.o)
 .idata$7       0x0000000323b84330        0x4 D:/utilities/msys2/mingw64/bin/../lib/gcc/x86_64-w64-mingw32/13.1.0/../../../../lib/libmsvcrt.a(libmsvcrt_defs00337.o)
 .idata$7       0x0000000323b84334        0x4 D:/utilities/msys2/mingw64/bin/../lib/gcc/x86_64-w64-mingw32/13.1.0/../../../../lib/libmsvcrt.a(libmsvcrt_defs00446.o)
 .idata$7       0x0000000323b84338        0x4 D:/utilities/msys2/mingw64/bin/../lib/gcc/x86_64-w64-mingw32/13.1.0/../../../../lib/libmsvcrt.a(libmsvcrt_defs00837.o)
 .idata$7       0x0000000323b8433c        0x4 D:/utilities/msys2/mingw64/bin/../lib/gcc/x86_64-w64-mingw32/13.1.0/../../../../lib/libmsvcrt.a(libmsvcrt_defs01054.o)
 .idata$7       0x0000000323b84340        0x4 D:/utilities/msys2/mingw64/bin/../lib/gcc/x86_64-w64-mingw32/13.1.0/../../../../lib/libmsvcrt.a(libmsvcrt_defs01071.o)
 .idata$7       0x0000000323b84344        0x4 D:/utilities/msys2/mingw64/bin/../lib/gcc/x86_64-w64-mingw32/13.1.0/../../../../lib/libmsvcrt.a(libmsvcrt_defs01112.o)
 .idata$7       0x0000000323b84348        0x4 D:/utilities/msys2/mingw64/bin/../lib/gcc/x86_64-w64-mingw32/13.1.0/../../../../lib/libmsvcrt.a(libmsvcrt_defs01125.o)
 .idata$7       0x0000000323b8434c        0x4 D:/utilities/msys2/mingw64/bin/../lib/gcc/x86_64-w64-mingw32/13.1.0/../../../../lib/libmsvcrt.a(libmsvcrt_defs01203.o)
 .idata$7       0x0000000323b84350        0x4 D:/utilities/msys2/mingw64/bin/../lib/gcc/x86_64-w64-mingw32/13.1.0/../../../../lib/libmsvcrt.a(libmsvcrt_defs01236.o)
 .idata$7       0x0000000323b84354        0x4 D:/utilities/msys2/mingw64/bin/../lib/gcc/x86_64-w64-mingw32/13.1.0/../../../../lib/libmsvcrt.a(libmsvcrt_defs01239.o)
 .idata$7       0x0000000323b84358        0x4 D:/utilities/msys2/mingw64/bin/../lib/gcc/x86_64-w64-mingw32/13.1.0/../../../../lib/libmsvcrt.a(libmsvcrt_defs01274.o)
 .idata$7       0x0000000323b8435c        0xc D:/utilities/msys2/mingw64/bin/../lib/gcc/x86_64-w64-mingw32/13.1.0/../../../../lib/libmsvcrt.a(libmsvcrt_deft.o)
                0x0000000323b8435c                __lib64_libmsvcrt_def_a_iname

.CRT            0x0000000323b85000      0x200
                0x0000000323b85000                ___crt_xc_start__ = .
 *(SORT_BY_NAME(.CRT$XC*))
 .CRT$XCA       0x0000000323b85000        0x8 D:/utilities/msys2/mingw64/bin/../lib/gcc/x86_64-w64-mingw32/13.1.0/../../../../lib/libmingw32.a(lib64_libmingw32_a-cinitexe.o)
                0x0000000323b85000                __xc_a
 .CRT$XCZ       0x0000000323b85008        0x8 D:/utilities/msys2/mingw64/bin/../lib/gcc/x86_64-w64-mingw32/13.1.0/../../../../lib/libmingw32.a(lib64_libmingw32_a-cinitexe.o)
                0x0000000323b85008                __xc_z
                0x0000000323b85010                ___crt_xc_end__ = .
                0x0000000323b85010                ___crt_xi_start__ = .
 *(SORT_BY_NAME(.CRT$XI*))
 .CRT$XIA       0x0000000323b85010        0x8 D:/utilities/msys2/mingw64/bin/../lib/gcc/x86_64-w64-mingw32/13.1.0/../../../../lib/libmingw32.a(lib64_libmingw32_a-cinitexe.o)
                0x0000000323b85010                __xi_a
 .CRT$XIAA      0x0000000323b85018        0x8 D:/utilities/msys2/mingw64/bin/../lib/gcc/x86_64-w64-mingw32/13.1.0/../../../../lib/dllcrt2.o
                0x0000000323b85018                pcinit
 .CRT$XIZ       0x0000000323b85020        0x8 D:/utilities/msys2/mingw64/bin/../lib/gcc/x86_64-w64-mingw32/13.1.0/../../../../lib/libmingw32.a(lib64_libmingw32_a-cinitexe.o)
                0x0000000323b85020                __xi_z
                0x0000000323b85028                ___crt_xi_end__ = .
                0x0000000323b85028                ___crt_xl_start__ = .
 *(SORT_BY_NAME(.CRT$XL*))
 .CRT$XLA       0x0000000323b85028        0x8 D:/utilities/msys2/mingw64/bin/../lib/gcc/x86_64-w64-mingw32/13.1.0/../../../../lib/libmingw32.a(lib64_libmingw32_a-tlssup.o)
                0x0000000323b85028                __xl_a
 .CRT$XLC       0x0000000323b85030        0x8 D:/utilities/msys2/mingw64/bin/../lib/gcc/x86_64-w64-mingw32/13.1.0/../../../../lib/libmingw32.a(lib64_libmingw32_a-tlssup.o)
                0x0000000323b85030                __xl_c
 .CRT$XLD       0x0000000323b85038        0x8 D:/utilities/msys2/mingw64/bin/../lib/gcc/x86_64-w64-mingw32/13.1.0/../../../../lib/libmingw32.a(lib64_libmingw32_a-tlssup.o)
                0x0000000323b85038                __xl_d
 .CRT$XLZ       0x0000000323b85040        0x8 D:/utilities/msys2/mingw64/bin/../lib/gcc/x86_64-w64-mingw32/13.1.0/../../../../lib/libmingw32.a(lib64_libmingw32_a-tlssup.o)
                0x0000000323b85040                __xl_z
                0x0000000323b85048                ___crt_xp_start__ = .
 *(SORT_BY_NAME(.CRT$XP*))
                0x0000000323b85048                ___crt_xp_end__ = .
                0x0000000323b85048                ___crt_xt_start__ = .
 *(SORT_BY_NAME(.CRT$XT*))
                0x0000000323b85048                ___crt_xt_end__ = .
 .CRT$XDA       0x0000000323b85048        0x8 D:/utilities/msys2/mingw64/bin/../lib/gcc/x86_64-w64-mingw32/13.1.0/../../../../lib/libmingw32.a(lib64_libmingw32_a-tlssup.o)
 .CRT$XDZ       0x0000000323b85050        0x8 D:/utilities/msys2/mingw64/bin/../lib/gcc/x86_64-w64-mingw32/13.1.0/../../../../lib/libmingw32.a(lib64_libmingw32_a-tlssup.o)

.tls            0x0000000323b86000      0x200
                0x0000000323b86000                ___tls_start__ = .
 *(.tls$AAA)
 *(.tls)
 .tls           0x0000000323b86000        0x8 D:/utilities/msys2/mingw64/bin/../lib/gcc/x86_64-w64-mingw32/13.1.0/../../../../lib/libmingw32.a(lib64_libmingw32_a-tlssup.o)
                0x0000000323b86000                _tls_start
 *(.tls$)
 *(SORT_BY_NAME(.tls$*))
 .tls$ZZZ       0x0000000323b86008        0x8 D:/utilities/msys2/mingw64/bin/../lib/gcc/x86_64-w64-mingw32/13.1.0/../../../../lib/libmingw32.a(lib64_libmingw32_a-tlssup.o)
                0x0000000323b86008                _tls_end
 *(.tls$ZZZ)
                0x0000000323b86010                ___tls_end__ = .

.endjunk        0x0000000323b87000        0x0
                [!provide]                        PROVIDE (end = .)
                [!provide]                        PROVIDE (_end = .)
                0x0000000323b87000                __end__ = .

.rsrc
 *(.rsrc)
 *(.rsrc$*)

.reloc          0x0000000323b87000      0x200
 *(.reloc)
 .reloc         0x0000000323b87000       0x60 dll stuff

.stab
 *(.stab)

.stabstr
 *(.stabstr)

.debug_aranges  0x0000000323b88000      0x400
 *(.debug_aranges)
 .debug_aranges
                0x0000000323b88000       0x30 D:/utilities/msys2/mingw64/bin/../lib/gcc/x86_64-w64-mingw32/13.1.0/../../../../lib/dllcrt2.o
 .debug_aranges
                0x0000000323b88030       0x30 D:/utilities/msys2/mingw64/bin/../lib/gcc/x86_64-w64-mingw32/13.1.0/../../../../lib/libmingw32.a(lib64_libmingw32_a-gccmain.o)
 .debug_aranges
                0x0000000323b88060       0x20 D:/utilities/msys2/mingw64/bin/../lib/gcc/x86_64-w64-mingw32/13.1.0/../../../../lib/libmingw32.a(lib64_libmingw32_a-natstart.o)
 .debug_aranges
                0x0000000323b88080       0x30 D:/utilities/msys2/mingw64/bin/../lib/gcc/x86_64-w64-mingw32/13.1.0/../../../../lib/libmingw32.a(lib64_libmingw32_a-tlssup.o)
 .debug_aranges
                0x0000000323b880b0       0x20 D:/utilities/msys2/mingw64/bin/../lib/gcc/x86_64-w64-mingw32/13.1.0/../../../../lib/libmingw32.a(lib64_libmingw32_a-cinitexe.o)
 .debug_aranges
                0x0000000323b880d0       0x20 D:/utilities/msys2/mingw64/bin/../lib/gcc/x86_64-w64-mingw32/13.1.0/../../../../lib/libmingw32.a(lib64_libmingw32_a-mingw_helpers.o)
 .debug_aranges
                0x0000000323b880f0       0x30 D:/utilities/msys2/mingw64/bin/../lib/gcc/x86_64-w64-mingw32/13.1.0/../../../../lib/libmingw32.a(lib64_libmingw32_a-pseudo-reloc.o)
 .debug_aranges
                0x0000000323b88120       0x30 D:/utilities/msys2/mingw64/bin/../lib/gcc/x86_64-w64-mingw32/13.1.0/../../../../lib/libmingw32.a(lib64_libmingw32_a-tlsthrd.o)
 .debug_aranges
                0x0000000323b88150       0x20 D:/utilities/msys2/mingw64/bin/../lib/gcc/x86_64-w64-mingw32/13.1.0/../../../../lib/libmingw32.a(lib64_libmingw32_a-tlsmcrt.o)
 .debug_aranges
                0x0000000323b88170       0x20 D:/utilities/msys2/mingw64/bin/../lib/gcc/x86_64-w64-mingw32/13.1.0/../../../../lib/libmingw32.a(lib64_libmingw32_a-pseudo-reloc-list.o)
 .debug_aranges
                0x0000000323b88190       0x30 D:/utilities/msys2/mingw64/bin/../lib/gcc/x86_64-w64-mingw32/13.1.0/../../../../lib/libmingw32.a(lib64_libmingw32_a-pesect.o)
 .debug_aranges
                0x0000000323b881c0       0x30 D:/utilities/msys2/mingw64/bin/../lib/gcc/x86_64-w64-mingw32/13.1.0/../../../../lib/libmingw32.a(lib64_libmingw32_a-CRT_fp10.o)
 .debug_aranges
                0x0000000323b881f0       0x30 D:/utilities/msys2/mingw64/bin/../lib/gcc/x86_64-w64-mingw32/13.1.0/../../../../lib/libmingwex.a(lib64_libmingwex_a-dllentry.o)
 .debug_aranges
                0x0000000323b88220       0x30 D:/utilities/msys2/mingw64/bin/../lib/gcc/x86_64-w64-mingw32/13.1.0/../../../../lib/libmingwex.a(lib64_libmingwex_a-dllmain.o)
 .debug_aranges
                0x0000000323b88250       0x30 D:/utilities/msys2/mingw64/bin/../lib/gcc/x86_64-w64-mingw32/13.1.0/../../../../lib/libmsvcrt.a(lib64_libmsvcrt_common_a-acrt_iob_func.o)
 .debug_aranges
                0x0000000323b88280       0x30 D:/utilities/msys2/mingw64/bin/../lib/gcc/x86_64-w64-mingw32/13.1.0/../../../../lib/libmsvcrt.a(lib64_libmsvcrt_common_a-onexit_table.o)

.zdebug_aranges
 *(.zdebug_aranges)

.debug_pubnames
 *(.debug_pubnames)

.zdebug_pubnames
 *(.zdebug_pubnames)

.debug_info     0x0000000323b89000     0x7600
 *(.debug_info .gnu.linkonce.wi.*)
 .debug_info    0x0000000323b89000     0x19b4 D:/utilities/msys2/mingw64/bin/../lib/gcc/x86_64-w64-mingw32/13.1.0/../../../../lib/dllcrt2.o
 .debug_info    0x0000000323b8a9b4      0x661 D:/utilities/msys2/mingw64/bin/../lib/gcc/x86_64-w64-mingw32/13.1.0/../../../../lib/libmingw32.a(lib64_libmingw32_a-gccmain.o)
 .debug_info    0x0000000323b8b015      0x602 D:/utilities/msys2/mingw64/bin/../lib/gcc/x86_64-w64-mingw32/13.1.0/../../../../lib/libmingw32.a(lib64_libmingw32_a-natstart.o)
 .debug_info    0x0000000323b8b617      0x7c7 D:/utilities/msys2/mingw64/bin/../lib/gcc/x86_64-w64-mingw32/13.1.0/../../../../lib/libmingw32.a(lib64_libmingw32_a-tlssup.o)
 .debug_info    0x0000000323b8bdde      0x17b D:/utilities/msys2/mingw64/bin/../lib/gcc/x86_64-w64-mingw32/13.1.0/../../../../lib/libmingw32.a(lib64_libmingw32_a-cinitexe.o)
 .debug_info    0x0000000323b8bf59       0x92 D:/utilities/msys2/mingw64/bin/../lib/gcc/x86_64-w64-mingw32/13.1.0/../../../../lib/libmingw32.a(lib64_libmingw32_a-mingw_helpers.o)
 .debug_info    0x0000000323b8bfeb     0x174b D:/utilities/msys2/mingw64/bin/../lib/gcc/x86_64-w64-mingw32/13.1.0/../../../../lib/libmingw32.a(lib64_libmingw32_a-pseudo-reloc.o)
 .debug_info    0x0000000323b8d736      0xad3 D:/utilities/msys2/mingw64/bin/../lib/gcc/x86_64-w64-mingw32/13.1.0/../../../../lib/libmingw32.a(lib64_libmingw32_a-tlsthrd.o)
 .debug_info    0x0000000323b8e209       0x89 D:/utilities/msys2/mingw64/bin/../lib/gcc/x86_64-w64-mingw32/13.1.0/../../../../lib/libmingw32.a(lib64_libmingw32_a-tlsmcrt.o)
 .debug_info    0x0000000323b8e292       0xd0 D:/utilities/msys2/mingw64/bin/../lib/gcc/x86_64-w64-mingw32/13.1.0/../../../../lib/libmingw32.a(lib64_libmingw32_a-pseudo-reloc-list.o)
 .debug_info    0x0000000323b8e362     0x14d2 D:/utilities/msys2/mingw64/bin/../lib/gcc/x86_64-w64-mingw32/13.1.0/../../../../lib/libmingw32.a(lib64_libmingw32_a-pesect.o)
 .debug_info    0x0000000323b8f834       0x97 D:/utilities/msys2/mingw64/bin/../lib/gcc/x86_64-w64-mingw32/13.1.0/../../../../lib/libmingw32.a(lib64_libmingw32_a-CRT_fp10.o)
 .debug_info    0x0000000323b8f8cb      0x1fa D:/utilities/msys2/mingw64/bin/../lib/gcc/x86_64-w64-mingw32/13.1.0/../../../../lib/libmingwex.a(lib64_libmingwex_a-dllentry.o)
 .debug_info    0x0000000323b8fac5      0x1f4 D:/utilities/msys2/mingw64/bin/../lib/gcc/x86_64-w64-mingw32/13.1.0/../../../../lib/libmingwex.a(lib64_libmingwex_a-dllmain.o)
 .debug_info    0x0000000323b8fcb9      0x25e D:/utilities/msys2/mingw64/bin/../lib/gcc/x86_64-w64-mingw32/13.1.0/../../../../lib/libmsvcrt.a(lib64_libmsvcrt_common_a-acrt_iob_func.o)
 .debug_info    0x0000000323b8ff17      0x52c D:/utilities/msys2/mingw64/bin/../lib/gcc/x86_64-w64-mingw32/13.1.0/../../../../lib/libmsvcrt.a(lib64_libmsvcrt_common_a-onexit_table.o)

.zdebug_info
 *(.zdebug_info .zdebug.gnu.linkonce.wi.*)

.debug_abbrev   0x0000000323b91000     0x1800
 *(.debug_abbrev)
 .debug_abbrev  0x0000000323b91000      0x4bf D:/utilities/msys2/mingw64/bin/../lib/gcc/x86_64-w64-mingw32/13.1.0/../../../../lib/dllcrt2.o
 .debug_abbrev  0x0000000323b914bf      0x13f D:/utilities/msys2/mingw64/bin/../lib/gcc/x86_64-w64-mingw32/13.1.0/../../../../lib/libmingw32.a(lib64_libmingw32_a-gccmain.o)
 .debug_abbrev  0x0000000323b915fe       0xb6 D:/utilities/msys2/mingw64/bin/../lib/gcc/x86_64-w64-mingw32/13.1.0/../../../../lib/libmingw32.a(lib64_libmingw32_a-natstart.o)
 .debug_abbrev  0x0000000323b916b4      0x1e7 D:/utilities/msys2/mingw64/bin/../lib/gcc/x86_64-w64-mingw32/13.1.0/../../../../lib/libmingw32.a(lib64_libmingw32_a-tlssup.o)
 .debug_abbrev  0x0000000323b9189b       0x61 D:/utilities/msys2/mingw64/bin/../lib/gcc/x86_64-w64-mingw32/13.1.0/../../../../lib/libmingw32.a(lib64_libmingw32_a-cinitexe.o)
 .debug_abbrev  0x0000000323b918fc       0x2e D:/utilities/msys2/mingw64/bin/../lib/gcc/x86_64-w64-mingw32/13.1.0/../../../../lib/libmingw32.a(lib64_libmingw32_a-mingw_helpers.o)
 .debug_abbrev  0x0000000323b9192a      0x3d8 D:/utilities/msys2/mingw64/bin/../lib/gcc/x86_64-w64-mingw32/13.1.0/../../../../lib/libmingw32.a(lib64_libmingw32_a-pseudo-reloc.o)
 .debug_abbrev  0x0000000323b91d02      0x261 D:/utilities/msys2/mingw64/bin/../lib/gcc/x86_64-w64-mingw32/13.1.0/../../../../lib/libmingw32.a(lib64_libmingw32_a-tlsthrd.o)
 .debug_abbrev  0x0000000323b91f63       0x2e D:/utilities/msys2/mingw64/bin/../lib/gcc/x86_64-w64-mingw32/13.1.0/../../../../lib/libmingw32.a(lib64_libmingw32_a-tlsmcrt.o)
 .debug_abbrev  0x0000000323b91f91       0x30 D:/utilities/msys2/mingw64/bin/../lib/gcc/x86_64-w64-mingw32/13.1.0/../../../../lib/libmingw32.a(lib64_libmingw32_a-pseudo-reloc-list.o)
 .debug_abbrev  0x0000000323b91fc1      0x28a D:/utilities/msys2/mingw64/bin/../lib/gcc/x86_64-w64-mingw32/13.1.0/../../../../lib/libmingw32.a(lib64_libmingw32_a-pesect.o)
 .debug_abbrev  0x0000000323b9224b       0x2d D:/utilities/msys2/mingw64/bin/../lib/gcc/x86_64-w64-mingw32/13.1.0/../../../../lib/libmingw32.a(lib64_libmingw32_a-CRT_fp10.o)
 .debug_abbrev  0x0000000323b92278       0x72 D:/utilities/msys2/mingw64/bin/../lib/gcc/x86_64-w64-mingw32/13.1.0/../../../../lib/libmingwex.a(lib64_libmingwex_a-dllentry.o)
 .debug_abbrev  0x0000000323b922ea       0x72 D:/utilities/msys2/mingw64/bin/../lib/gcc/x86_64-w64-mingw32/13.1.0/../../../../lib/libmingwex.a(lib64_libmingwex_a-dllmain.o)
 .debug_abbrev  0x0000000323b9235c       0xce D:/utilities/msys2/mingw64/bin/../lib/gcc/x86_64-w64-mingw32/13.1.0/../../../../lib/libmsvcrt.a(lib64_libmsvcrt_common_a-acrt_iob_func.o)
 .debug_abbrev  0x0000000323b9242a      0x1d9 D:/utilities/msys2/mingw64/bin/../lib/gcc/x86_64-w64-mingw32/13.1.0/../../../../lib/libmsvcrt.a(lib64_libmsvcrt_common_a-onexit_table.o)

.zdebug_abbrev
 *(.zdebug_abbrev)

.debug_line     0x0000000323b93000     0x1800
 *(.debug_line)
 .debug_line    0x0000000323b93000      0x37d D:/utilities/msys2/mingw64/bin/../lib/gcc/x86_64-w64-mingw32/13.1.0/../../../../lib/dllcrt2.o
 .debug_line    0x0000000323b9337d      0x127 D:/utilities/msys2/mingw64/bin/../lib/gcc/x86_64-w64-mingw32/13.1.0/../../../../lib/libmingw32.a(lib64_libmingw32_a-gccmain.o)
 .debug_line    0x0000000323b934a4       0x56 D:/utilities/msys2/mingw64/bin/../lib/gcc/x86_64-w64-mingw32/13.1.0/../../../../lib/libmingw32.a(lib64_libmingw32_a-natstart.o)
 .debug_line    0x0000000323b934fa      0x116 D:/utilities/msys2/mingw64/bin/../lib/gcc/x86_64-w64-mingw32/13.1.0/../../../../lib/libmingw32.a(lib64_libmingw32_a-tlssup.o)
 .debug_line    0x0000000323b93610       0x3a D:/utilities/msys2/mingw64/bin/../lib/gcc/x86_64-w64-mingw32/13.1.0/../../../../lib/libmingw32.a(lib64_libmingw32_a-cinitexe.o)
 .debug_line    0x0000000323b9364a       0x3a D:/utilities/msys2/mingw64/bin/../lib/gcc/x86_64-w64-mingw32/13.1.0/../../../../lib/libmingw32.a(lib64_libmingw32_a-mingw_helpers.o)
 .debug_line    0x0000000323b93684      0x580 D:/utilities/msys2/mingw64/bin/../lib/gcc/x86_64-w64-mingw32/13.1.0/../../../../lib/libmingw32.a(lib64_libmingw32_a-pseudo-reloc.o)
 .debug_line    0x0000000323b93c04      0x278 D:/utilities/msys2/mingw64/bin/../lib/gcc/x86_64-w64-mingw32/13.1.0/../../../../lib/libmingw32.a(lib64_libmingw32_a-tlsthrd.o)
 .debug_line    0x0000000323b93e7c       0x3a D:/utilities/msys2/mingw64/bin/../lib/gcc/x86_64-w64-mingw32/13.1.0/../../../../lib/libmingw32.a(lib64_libmingw32_a-tlsmcrt.o)
 .debug_line    0x0000000323b93eb6       0x3a D:/utilities/msys2/mingw64/bin/../lib/gcc/x86_64-w64-mingw32/13.1.0/../../../../lib/libmingw32.a(lib64_libmingw32_a-pseudo-reloc-list.o)
 .debug_line    0x0000000323b93ef0      0x54b D:/utilities/msys2/mingw64/bin/../lib/gcc/x86_64-w64-mingw32/13.1.0/../../../../lib/libmingw32.a(lib64_libmingw32_a-pesect.o)
 .debug_line    0x0000000323b9443b       0x58 D:/utilities/msys2/mingw64/bin/../lib/gcc/x86_64-w64-mingw32/13.1.0/../../../../lib/libmingw32.a(lib64_libmingw32_a-CRT_fp10.o)
 .debug_line    0x0000000323b94493       0x67 D:/utilities/msys2/mingw64/bin/../lib/gcc/x86_64-w64-mingw32/13.1.0/../../../../lib/libmingwex.a(lib64_libmingwex_a-dllentry.o)
 .debug_line    0x0000000323b944fa       0x6a D:/utilities/msys2/mingw64/bin/../lib/gcc/x86_64-w64-mingw32/13.1.0/../../../../lib/libmingwex.a(lib64_libmingwex_a-dllmain.o)
 .debug_line    0x0000000323b94564       0x77 D:/utilities/msys2/mingw64/bin/../lib/gcc/x86_64-w64-mingw32/13.1.0/../../../../lib/libmsvcrt.a(lib64_libmsvcrt_common_a-acrt_iob_func.o)
 .debug_line    0x0000000323b945db      0x1d9 D:/utilities/msys2/mingw64/bin/../lib/gcc/x86_64-w64-mingw32/13.1.0/../../../../lib/libmsvcrt.a(lib64_libmsvcrt_common_a-onexit_table.o)

.zdebug_line
 *(.zdebug_line)

.debug_frame    0x0000000323b95000      0x800
 *(.debug_frame*)
 .debug_frame   0x0000000323b95000      0x108 D:/utilities/msys2/mingw64/bin/../lib/gcc/x86_64-w64-mingw32/13.1.0/../../../../lib/dllcrt2.o
 .debug_frame   0x0000000323b95108       0x88 D:/utilities/msys2/mingw64/bin/../lib/gcc/x86_64-w64-mingw32/13.1.0/../../../../lib/libmingw32.a(lib64_libmingw32_a-gccmain.o)
 .debug_frame   0x0000000323b95190       0xa8 D:/utilities/msys2/mingw64/bin/../lib/gcc/x86_64-w64-mingw32/13.1.0/../../../../lib/libmingw32.a(lib64_libmingw32_a-tlssup.o)
 .debug_frame   0x0000000323b95238       0xe0 D:/utilities/msys2/mingw64/bin/../lib/gcc/x86_64-w64-mingw32/13.1.0/../../../../lib/libmingw32.a(lib64_libmingw32_a-pseudo-reloc.o)
 .debug_frame   0x0000000323b95318      0x128 D:/utilities/msys2/mingw64/bin/../lib/gcc/x86_64-w64-mingw32/13.1.0/../../../../lib/libmingw32.a(lib64_libmingw32_a-tlsthrd.o)
 .debug_frame   0x0000000323b95440      0x128 D:/utilities/msys2/mingw64/bin/../lib/gcc/x86_64-w64-mingw32/13.1.0/../../../../lib/libmingw32.a(lib64_libmingw32_a-pesect.o)
 .debug_frame   0x0000000323b95568       0x30 D:/utilities/msys2/mingw64/bin/../lib/gcc/x86_64-w64-mingw32/13.1.0/../../../../lib/libmingw32.a(lib64_libmingw32_a-CRT_fp10.o)
 .debug_frame   0x0000000323b95598       0x30 D:/utilities/msys2/mingw64/bin/../lib/gcc/x86_64-w64-mingw32/13.1.0/../../../../lib/libmingwex.a(lib64_libmingwex_a-dllentry.o)
 .debug_frame   0x0000000323b955c8       0x30 D:/utilities/msys2/mingw64/bin/../lib/gcc/x86_64-w64-mingw32/13.1.0/../../../../lib/libmingwex.a(lib64_libmingwex_a-dllmain.o)
 .debug_frame   0x0000000323b955f8       0x40 D:/utilities/msys2/mingw64/bin/../lib/gcc/x86_64-w64-mingw32/13.1.0/../../../../lib/libmsvcrt.a(lib64_libmsvcrt_common_a-acrt_iob_func.o)
 .debug_frame   0x0000000323b95638       0xb8 D:/utilities/msys2/mingw64/bin/../lib/gcc/x86_64-w64-mingw32/13.1.0/../../../../lib/libmsvcrt.a(lib64_libmsvcrt_common_a-onexit_table.o)

.zdebug_frame
 *(.zdebug_frame*)

.debug_str      0x0000000323b96000      0x200
 *(.debug_str)
 .debug_str     0x0000000323b96000       0x51 D:/utilities/msys2/mingw64/bin/../lib/gcc/x86_64-w64-mingw32/13.1.0/../../../../lib/dllcrt2.o
 .debug_str     0x0000000323b96051        0x0 D:/utilities/msys2/mingw64/bin/../lib/gcc/x86_64-w64-mingw32/13.1.0/../../../../lib/libmingw32.a(lib64_libmingw32_a-gccmain.o)
 .debug_str     0x0000000323b96051       0x18 D:/utilities/msys2/mingw64/bin/../lib/gcc/x86_64-w64-mingw32/13.1.0/../../../../lib/libmingw32.a(lib64_libmingw32_a-natstart.o)
 .debug_str     0x0000000323b96069       0x1f D:/utilities/msys2/mingw64/bin/../lib/gcc/x86_64-w64-mingw32/13.1.0/../../../../lib/libmingw32.a(lib64_libmingw32_a-tlssup.o)
 .debug_str     0x0000000323b96088        0x0 D:/utilities/msys2/mingw64/bin/../lib/gcc/x86_64-w64-mingw32/13.1.0/../../../../lib/libmingw32.a(lib64_libmingw32_a-cinitexe.o)
 .debug_str     0x0000000323b96088        0x0 D:/utilities/msys2/mingw64/bin/../lib/gcc/x86_64-w64-mingw32/13.1.0/../../../../lib/libmingw32.a(lib64_libmingw32_a-mingw_helpers.o)
 .debug_str     0x0000000323b96088        0x9 D:/utilities/msys2/mingw64/bin/../lib/gcc/x86_64-w64-mingw32/13.1.0/../../../../lib/libmingw32.a(lib64_libmingw32_a-pseudo-reloc.o)